MPLINK 4.44, Linker
Linker Map File - Created Thu Jul 28 12:58:21 2022

                                 Section Info
                  Section       Type    Address   Location Size(Bytes)
                ---------  ---------  ---------  ---------  ---------
               _entry_scn       code   0x000000    program   0x000006
       .code__user_putc.o       code   0x000006    program   0x000002
           interrupt_high       code   0x000008    program   0x000006
          .code_adcbusy.o       code   0x00000e    program   0x00000a
            interrupt_low       code   0x000018    program   0x000006
                   .cinit    romdata   0x00001e    program   0x000026
             .code_move.o       code   0x000044    program   0x000ece
         .code_vfprintf.o       code   0x000f12    program   0x000c22
             .code_main.o       code   0x001b34    program   0x000b9e
  .code_glcdlib_c18_v03.o       code   0x0026d2    program   0x000b44
          .romdata_font.o    romdata   0x003216    program   0x000400
      .code_common_func.o       code   0x003616    program   0x0003ac
   .romdata_common_func.o    romdata   0x0039c2    program   0x00022c
                     PROG       code   0x003bee    program   0x0000e2
               _cinit_scn       code   0x003cd0    program   0x00009e
           .code_printf.o       code   0x003d6e    program   0x000098
            .code_uopen.o       code   0x003e06    program   0x00008a
             .code_putc.o       code   0x003e90    program   0x000084
          .code_fxm3232.o       code   0x003f14    program   0x000070
          .code_adcopen.o       code   0x003f84    program   0x00006e
                   STRING       code   0x003ff2    program   0x000066
         .code_pw1setdc.o       code   0x004058    program   0x00005e
          .code_rb1open.o       code   0x0040b6    program   0x000054
          .code_rb0open.o       code   0x00410a    program   0x00004a
         .code_fxd3232u.o       code   0x004154    program   0x000048
           .code_t1open.o       code   0x00419c    program   0x000042
            .code_uread.o       code   0x0041de    program   0x00003e
          .code_t1write.o       code   0x00421c    program   0x000038
          .code_t0write.o       code   0x004254    program   0x000038
           .code_t0open.o       code   0x00428c    program   0x000038
           .code_t2open.o       code   0x0042c4    program   0x000036
          .code_pw1open.o       code   0x0042fa    program   0x000030
             D10KTCYXCODE       code   0x00432a    program   0x00002e
         .code_adcsetch.o       code   0x004358    program   0x00002e
         .code_fxd1616u.o       code   0x004386    program   0x00002c
                    CTYPE       code   0x0043b2    program   0x000024
              D1KTCYXCODE       code   0x0043d6    program   0x000020
                    .code       code   0x0043f6    program   0x000020
             _startup_scn       code   0x004416    program   0x00001c
                    STDIO       code   0x004432    program   0x00001c
              D10TCYXCODE       code   0x00444e    program   0x000016
          .code_adcread.o       code   0x004464    program   0x000012
      .romdata_vfprintf.o    romdata   0x004476    program   0x000011
             .stringtable    romdata   0x004487    program   0x000007
          .code_adcconv.o       code   0x00448e    program   0x000004
           .code___init.o       code   0x004492    program   0x000002
        .romdata___init.o    romdata   0x004494    program   0x000000
         .idata_uopen.o_i    romdata   0x004494    program   0x000000
    .romdata__user_putc.o    romdata   0x004494    program   0x000000
         .romdata_uopen.o    romdata   0x004494    program   0x000000
          .romdata_putc.o    romdata   0x004494    program   0x000000
       .romdata_adcread.o    romdata   0x004494    program   0x000000
        .romdata_printf.o    romdata   0x004494    program   0x000000
         .idata_uread.o_i    romdata   0x004494    program   0x000000
         .romdata_uread.o    romdata   0x004494    program   0x000000
       .romdata_t1write.o    romdata   0x004494    program   0x000000
       .romdata_fxm3232.o    romdata   0x004494    program   0x000000
      .romdata_adcsetch.o    romdata   0x004494    program   0x000000
       .idata_t1write.o_i    romdata   0x004494    program   0x000000
        .idata_stdout.o_i    romdata   0x004494    program   0x000002
      .romdata_pw1setdc.o    romdata   0x004494    program   0x000000
      .romdata_fxd3232u.o    romdata   0x004494    program   0x000000
        .romdata_stdout.o    romdata   0x004494    program   0x000000
         .idata_udefs.o_i    romdata   0x004494    program   0x000000
       .romdata_t0write.o    romdata   0x004494    program   0x000000
         .romdata_udefs.o    romdata   0x004494    program   0x000000
       .idata_t0write.o_i    romdata   0x004494    program   0x000000
      .idata_vfprintf.o_i    romdata   0x004494    program   0x000000
          .romdata_main.o    romdata   0x004494    program   0x000000
          .romdata_move.o    romdata   0x004494    program   0x000000
       .romdata_adcbusy.o    romdata   0x004494    program   0x000000
.romdata_glcdlib_c18_v03.o    romdata   0x004494    program   0x000000
       .romdata_adcconv.o    romdata   0x004494    program   0x000000
      .romdata_fxd1616u.o    romdata   0x004494    program   0x000000
       .romdata_adcopen.o    romdata   0x004494    program   0x000000
       .romdata_pw1open.o    romdata   0x004494    program   0x000000
         .romdata_c018i.o    romdata   0x004494    program   0x000000
        .romdata_t2open.o    romdata   0x004494    program   0x000000
        .idata_t2open.o_i    romdata   0x004494    program   0x000000
        .romdata_t1open.o    romdata   0x004494    program   0x000000
        .idata_t1open.o_i    romdata   0x004494    program   0x000000
        .romdata_t0open.o    romdata   0x004494    program   0x000000
        .idata_t0open.o_i    romdata   0x004494    program   0x000000
       .romdata_rb1open.o    romdata   0x004494    program   0x000000
       .romdata_rb0open.o    romdata   0x004494    program   0x000000
       .idata_pw1open.o_i    romdata   0x004496    program   0x000000
      .idata_pw1setdc.o_i    romdata   0x004496    program   0x000000
        .idata_printf.o_i    romdata   0x004496    program   0x000000
       .idata_rb0open.o_i    romdata   0x004496    program   0x000000
          .idata_move.o_i    romdata   0x004496    program   0x0000df
       .idata_rb1open.o_i    romdata   0x004496    program   0x000000
          .idata_putc.o_i    romdata   0x004496    program   0x000000
          .idata_main.o_i    romdata   0x004575    program   0x000017
      .idata_fxd3232u.o_i    romdata   0x00458c    program   0x000000
       .idata_fxm3232.o_i    romdata   0x00458c    program   0x000000
           .code_stdout.o       code   0x00458c    program   0x000000
    .idata__user_putc.o_i    romdata   0x00458c    program   0x000000
.idata_glcdlib_c18_v03.o_i    romdata   0x00458c    program   0x000000
            .code_c018i.o       code   0x00458c    program   0x000000
         .idata_c018i.o_i    romdata   0x00458c    program   0x000000
       .idata_adcread.o_i    romdata   0x00458c    program   0x000000
      .idata_adcsetch.o_i    romdata   0x00458c    program   0x000000
       .idata_adcopen.o_i    romdata   0x00458c    program   0x000000
            .code_udefs.o       code   0x00458c    program   0x000000
      .idata_fxd1616u.o_i    romdata   0x00458c    program   0x000000
       .idata_adcconv.o_i    romdata   0x00458c    program   0x000000
       .idata_adcbusy.o_i    romdata   0x00458c    program   0x000000
   .idata_common_func.o_i    romdata   0x00458c    program   0x000000
        .idata___init.o_i    romdata   0x00458c    program   0x000000
             .code_font.o       code   0x00458c    program   0x000000
          .idata_font.o_i    romdata   0x00458c    program   0x000000
    .config_300001_main.o    romdata   0x300001    program   0x000001
    .config_300002_main.o    romdata   0x300002    program   0x000001
    .config_300003_main.o    romdata   0x300003    program   0x000001
    .config_300005_main.o    romdata   0x300005    program   0x000001
    .config_300006_main.o    romdata   0x300006    program   0x000001
    .config_300008_main.o    romdata   0x300008    program   0x000001
    .config_300009_main.o    romdata   0x300009    program   0x000001
    .config_30000a_main.o    romdata   0x30000a    program   0x000001
    .config_30000b_main.o    romdata   0x30000b    program   0x000001
    .config_30000d_main.o    romdata   0x30000d    program   0x000001
                MATH_DATA      udata   0x000000       data   0x000014
                 .tmpdata      udata   0x000014       data   0x000012
            low_timer_tmp      udata   0x000026       data   0x000004
           high_timer_tmp      udata   0x00002a       data   0x000001
                DELAYDAT2      udata   0x00002b       data   0x000001
                DELAYDAT1      udata   0x00002c       data   0x000001
            .udata_move.o      udata   0x000080       data   0x00000c
          .idata_stdout.o      idata   0x00008c       data   0x000002
           .udata_udefs.o      udata   0x00008e       data   0x000001
            .udata_main.o      udata   0x00008f       data   0x000001
         .idata_t1write.o      idata   0x000090       data   0x000000
         .udata_t1write.o      udata   0x000090       data   0x000000
         .idata_t0write.o      idata   0x000090       data   0x000000
         .udata_t0write.o      udata   0x000090       data   0x000000
           .idata_udefs.o      idata   0x000090       data   0x000000
        .idata_pw1setdc.o      idata   0x000090       data   0x000000
        .udata_pw1setdc.o      udata   0x000090       data   0x000000
        .idata_adcsetch.o      idata   0x000090       data   0x000000
        .udata_adcsetch.o      udata   0x000090       data   0x000000
           .idata_uread.o      idata   0x000090       data   0x000000
           .udata_uread.o      udata   0x000090       data   0x000000
         .idata_adcread.o      idata   0x000090       data   0x000000
         .udata_adcread.o      udata   0x000090       data   0x000000
           .idata_uopen.o      idata   0x000090       data   0x000000
          .udata___init.o      udata   0x000090       data   0x000000
          .idata___init.o      idata   0x000090       data   0x000000
          .udata_printf.o      udata   0x000090       data   0x000000
          .idata_printf.o      idata   0x000090       data   0x000000
          .udata_stdout.o      udata   0x000090       data   0x000000
        .udata_vfprintf.o      udata   0x000090       data   0x000000
        .idata_vfprintf.o      idata   0x000090       data   0x000000
        .udata_fxd3232u.o      udata   0x000090       data   0x000000
        .idata_fxd3232u.o      idata   0x000090       data   0x000000
         .udata_fxm3232.o      udata   0x000090       data   0x000000
         .idata_fxm3232.o      idata   0x000090       data   0x000000
            .udata_putc.o      udata   0x000090       data   0x000000
            .idata_putc.o      idata   0x000090       data   0x000000
      .udata__user_putc.o      udata   0x000090       data   0x000000
      .idata__user_putc.o      idata   0x000090       data   0x000000
           .idata_c018i.o      idata   0x000090       data   0x000000
 .udata_glcdlib_c18_v03.o      udata   0x000090       data   0x000000
 .idata_glcdlib_c18_v03.o      idata   0x000090       data   0x000000
            .udata_font.o      udata   0x000090       data   0x000000
            .idata_font.o      idata   0x000090       data   0x000000
     .udata_common_func.o      udata   0x000090       data   0x000000
     .idata_common_func.o      idata   0x000090       data   0x000000
         .udata_adcbusy.o      udata   0x000090       data   0x000000
         .idata_adcbusy.o      idata   0x000090       data   0x000000
         .udata_adcconv.o      udata   0x000090       data   0x000000
         .idata_adcconv.o      idata   0x000090       data   0x000000
        .udata_fxd1616u.o      udata   0x000090       data   0x000000
        .idata_fxd1616u.o      idata   0x000090       data   0x000000
         .udata_adcopen.o      udata   0x000090       data   0x000000
           .udata_uopen.o      udata   0x000090       data   0x000000
          .idata_t2open.o      idata   0x000090       data   0x000000
          .udata_t2open.o      udata   0x000090       data   0x000000
          .idata_t1open.o      idata   0x000090       data   0x000000
          .udata_t1open.o      udata   0x000090       data   0x000000
          .idata_t0open.o      idata   0x000090       data   0x000000
          .udata_t0open.o      udata   0x000090       data   0x000000
         .idata_rb1open.o      idata   0x000090       data   0x000000
         .udata_rb1open.o      udata   0x000090       data   0x000000
         .idata_rb0open.o      idata   0x000090       data   0x000000
         .udata_rb0open.o      udata   0x000090       data   0x000000
         .idata_pw1open.o      idata   0x000090       data   0x000000
         .udata_pw1open.o      udata   0x000090       data   0x000000
         .idata_adcopen.o      idata   0x000090       data   0x000000
            .idata_move.o      idata   0x000100       data   0x0000df
            .idata_main.o      idata   0x0001df       data   0x000017
           .udata_c018i.o      udata   0x0001f6       data   0x00000a
                   .stack      udata   0x000e00       data   0x000100
            SFR_UNBANKED0      udata   0x000f80       data   0x000080



                              Program Memory Usage 
                               Start         End      
                           ---------   ---------      
                            0x000000    0x00458b      
                            0x300001    0x300003      
                            0x300005    0x300006      
                            0x300008    0x30000b      
                            0x30000d    0x30000d      
            17814 out of 66584 program addresses used, program memory utilization is 26%



                              Symbols - Sorted by Name
                     Name    Address   Location    Storage File                     
                ---------  ---------  ---------  --------- ---------                
                  BusyADC   0x00000e    program     extern D:\3.43\pic18-lt\cxx-framework\src\pmc_common\ADC\adcbusy.c
               ConvertADC   0x00448e    program     extern D:\3.43\pic18-lt\cxx-framework\src\pmc_common\ADC\adcconv.c
                   D10K_1   0x004336    program     static D:\3.43\pic18-lt\cxx-framework\src\traditional\delays\d10ktcyx.asm
                    D10Kl   0x004342    program     static D:\3.43\pic18-lt\cxx-framework\src\traditional\delays\d10ktcyx.asm
                    D10Kx   0x004334    program     static D:\3.43\pic18-lt\cxx-framework\src\traditional\delays\d10ktcyx.asm
                    D10_1   0x00445e    program     static D:\3.43\pic18-lt\cxx-framework\src\traditional\delays\d10tcyx.asm
                     D10x   0x004456    program     static D:\3.43\pic18-lt\cxx-framework\src\traditional\delays\d10tcyx.asm
                   D1616S   0x003c10    program     static D:\3.43\pic18-lt\cxx-framework\src\traditional\math\fxd1616s.asm
                D1616SNEG   0x003c1e    program     static D:\3.43\pic18-lt\cxx-framework\src\traditional\math\fxd1616s.asm
                 D1616SOK   0x003c1a    program     static D:\3.43\pic18-lt\cxx-framework\src\traditional\math\fxd1616s.asm
                  D1616SX   0x003c30    program     static D:\3.43\pic18-lt\cxx-framework\src\traditional\math\fxd1616s.asm
                    D1K_1   0x0043e2    program     static D:\3.43\pic18-lt\cxx-framework\src\traditional\delays\d1ktcyx.asm
                     D1Kx   0x0043e0    program     static D:\3.43\pic18-lt\cxx-framework\src\traditional\delays\d1ktcyx.asm
                  DA1616S   0x003c00    program     static D:\3.43\pic18-lt\cxx-framework\src\traditional\math\fxd1616s.asm
             Delay10KTCYx   0x00432a    program     extern D:\3.43\pic18-lt\cxx-framework\src\traditional\delays\d10ktcyx.asm
              Delay10TCYx   0x00444e    program     extern D:\3.43\pic18-lt\cxx-framework\src\traditional\delays\d10tcyx.asm
              Delay1KTCYx   0x0043d6    program     extern D:\3.43\pic18-lt\cxx-framework\src\traditional\delays\d1ktcyx.asm
                 FXD1616S   0x003bee    program     extern D:\3.43\pic18-lt\cxx-framework\src\traditional\math\fxd1616s.asm
                 FXD1616U   0x004386    program     extern D:\3.43\pic18-lt\cxx-framework\src\traditional\math\fxd1616u.c
                 FXD3232U   0x004154    program     extern D:\3.43\pic18-lt\cxx-framework\src\traditional\math\fxd3232u.c
                 FXM1616S   0x003c3a    program     extern D:\3.43\pic18-lt\cxx-framework\src\traditional\math\fxm1616s.asm
                 FXM1616U   0x003c94    program     extern D:\3.43\pic18-lt\cxx-framework\src\traditional\math\fxm1616u.asm
                  FXM3232   0x003f14    program     extern D:\3.43\pic18-lt\cxx-framework\src\traditional\math\fxm3232.c
                GLCD_Char   0x002e88    program     extern C:\Users\user1\Desktop\youth_17th.X\glcdlib_c18_v03.c
         GLCD_ClearScreen   0x0026f0    program     extern C:\Users\user1\Desktop\youth_17th.X\glcdlib_c18_v03.c
                GLCD_Init   0x0026d2    program     extern C:\Users\user1\Desktop\youth_17th.X\glcdlib_c18_v03.c
                GLCD_Line   0x002b78    program     extern C:\Users\user1\Desktop\youth_17th.X\glcdlib_c18_v03.c
               GLCD_Pixel   0x0029d6    program     extern C:\Users\user1\Desktop\youth_17th.X\glcdlib_c18_v03.c
     GLCD_ReadDisplayData   0x00295a    program     extern C:\Users\user1\Desktop\youth_17th.X\glcdlib_c18_v03.c
           GLCD_SetColumn   0x0028ee    program     extern C:\Users\user1\Desktop\youth_17th.X\glcdlib_c18_v03.c
             GLCD_SetDisp   0x002864    program     extern C:\Users\user1\Desktop\youth_17th.X\glcdlib_c18_v03.c
     GLCD_SetDisplayOnOff   0x002802    program     extern C:\Users\user1\Desktop\youth_17th.X\glcdlib_c18_v03.c
             GLCD_SetLine   0x002880    program     extern C:\Users\user1\Desktop\youth_17th.X\glcdlib_c18_v03.c
             GLCD_SetPage   0x0028b6    program     extern C:\Users\user1\Desktop\youth_17th.X\glcdlib_c18_v03.c
              GLCD_String   0x0030d0    program     extern C:\Users\user1\Desktop\youth_17th.X\glcdlib_c18_v03.c
            GLCD_String_p   0x003176    program     extern C:\Users\user1\Desktop\youth_17th.X\glcdlib_c18_v03.c
    GLCD_WriteDisplayData   0x002926    program     extern C:\Users\user1\Desktop\youth_17th.X\glcdlib_c18_v03.c
                HardCheck   0x001fba    program     extern C:\Users\user1\Desktop\youth_17th.X\main.c
          HardCheck_Mode1   0x00206c    program     extern C:\Users\user1\Desktop\youth_17th.X\main.c
          HardCheck_Mode2   0x0021ee    program     extern C:\Users\user1\Desktop\youth_17th.X\main.c
          HardCheck_Mode3   0x002318    program     extern C:\Users\user1\Desktop\youth_17th.X\main.c
          HardCheck_Mode4   0x002448    program     extern C:\Users\user1\Desktop\youth_17th.X\main.c
          HardCheck_Mode5   0x002488    program     extern C:\Users\user1\Desktop\youth_17th.X\main.c
                     Move   0x001f0c    program     extern C:\Users\user1\Desktop\youth_17th.X\main.c
               Move_Mode1   0x00036e    program     extern C:\Users\user1\Desktop\youth_17th.X\move.c
               Move_Mode2   0x00051e    program     extern C:\Users\user1\Desktop\youth_17th.X\move.c
               Move_Mode3   0x00068c    program     extern C:\Users\user1\Desktop\youth_17th.X\move.c
               Move_Mode4   0x00093a    program     extern C:\Users\user1\Desktop\youth_17th.X\move.c
               Move_Mode5   0x000c32    program     extern C:\Users\user1\Desktop\youth_17th.X\move.c
                  OpenADC   0x003f84    program     extern D:\3.43\pic18-lt\cxx-framework\src\pmc_common\ADC\adcopen.c
                 OpenPWM1   0x0042fa    program     extern D:\3.43\pic18-lt\cxx-framework\src\pmc_common\PWM\pw1open.c
         OpenPWM1ConfigIO   0x004326    program     extern D:\3.43\pic18-lt\cxx-framework\src\pmc_common\PWM\pw1open.c
               OpenRB0INT   0x00410a    program     extern D:\3.43\pic18-lt\cxx-framework\src\pmc_common\PORTB\rb0open.c
               OpenRB1INT   0x0040b6    program     extern D:\3.43\pic18-lt\cxx-framework\src\pmc_common\PORTB\rb1open.c
               OpenTimer0   0x00428c    program     extern D:\3.43\pic18-lt\cxx-framework\src\pmc_common\Timers\t0open.c
               OpenTimer1   0x00419c    program     extern D:\3.43\pic18-lt\cxx-framework\src\pmc_common\Timers\t1open.c
               OpenTimer2   0x0042c4    program     extern D:\3.43\pic18-lt\cxx-framework\src\pmc_common\Timers\t2open.c
                OpenUSART   0x003e06    program     extern D:\3.43\pic18-lt\cxx-framework\src\pmc_common\USART\uopen.c
                  ReadADC   0x004464    program     extern D:\3.43\pic18-lt\cxx-framework\src\pmc_common\ADC\adcread.c
                ReadUSART   0x0041de    program     extern D:\3.43\pic18-lt\cxx-framework\src\pmc_common\USART\uread.c
               SetChanADC   0x004358    program     extern D:\3.43\pic18-lt\cxx-framework\src\pmc_common\ADC\adcsetch.c
                SetDCPWM1   0x004058    program     extern D:\3.43\pic18-lt\cxx-framework\src\pmc_common\PWM\pw1setdc.c
               TSIGN1616A   0x003c86    program     static D:\3.43\pic18-lt\cxx-framework\src\traditional\math\fxm1616s.asm
              WriteTimer0   0x004254    program     extern D:\3.43\pic18-lt\cxx-framework\src\pmc_common\Timers\t0write.c
              WriteTimer1   0x00421c    program     extern D:\3.43\pic18-lt\cxx-framework\src\pmc_common\Timers\t1write.c
                   _2jEnd   0x004042    program     static D:\3.43\pic18-lt\cxx-framework\src\traditional\stdclib\slenpgm.asm
       _D10KTCYXCODE_0010   0x00433a    program     static D:\3.43\pic18-lt\cxx-framework\src\traditional\delays\d10ktcyx.asm
       _D10KTCYXCODE_001C   0x004346    program     static D:\3.43\pic18-lt\cxx-framework\src\traditional\delays\d10ktcyx.asm
        _D10TCYXCODE_000A   0x004458    program     static D:\3.43\pic18-lt\cxx-framework\src\traditional\delays\d10tcyx.asm
        _D10TCYXCODE_000C   0x00445a    program     static D:\3.43\pic18-lt\cxx-framework\src\traditional\delays\d10tcyx.asm
        _D10TCYXCODE_000E   0x00445c    program     static D:\3.43\pic18-lt\cxx-framework\src\traditional\delays\d10tcyx.asm
        _D1KTCYXCODE_0010   0x0043e6    program     static D:\3.43\pic18-lt\cxx-framework\src\traditional\delays\d1ktcyx.asm
        _D1KTCYXCODE_0016   0x0043ec    program     static D:\3.43\pic18-lt\cxx-framework\src\traditional\delays\d1ktcyx.asm
       ___return_lbl00000   0x003f82    program     static                          
       ___return_lbl00000   0x000004    program     static                          
       ___return_lbl00000   0x00419a    program     static                          
       ___return_lbl00000   0x0043b0    program     static                          
       ___return_lbl00001   0x004430    program     static                          
       ___return_lbl00002   0x003d6c    program     static                          
       ___return_lbl00085   0x00000c    program     static                          
       ___return_lbl00086   0x00001c    program     static                          
               __config_0   0x300001    program     static C:\Users\user1\Desktop\youth_17th.X\main.c
               __config_1   0x300002    program     static C:\Users\user1\Desktop\youth_17th.X\main.c
               __config_2   0x300003    program     static C:\Users\user1\Desktop\youth_17th.X\main.c
               __config_3   0x300005    program     static C:\Users\user1\Desktop\youth_17th.X\main.c
               __config_4   0x300006    program     static C:\Users\user1\Desktop\youth_17th.X\main.c
               __config_5   0x300008    program     static C:\Users\user1\Desktop\youth_17th.X\main.c
               __config_6   0x300009    program     static C:\Users\user1\Desktop\youth_17th.X\main.c
               __config_7   0x30000a    program     static C:\Users\user1\Desktop\youth_17th.X\main.c
               __config_8   0x30000b    program     static C:\Users\user1\Desktop\youth_17th.X\main.c
               __config_9   0x30000d    program     static C:\Users\user1\Desktop\youth_17th.X\main.c
                   __init   0x004492    program     extern D:\3.43\pic18-lt\cxx-framework\src\traditional\stdclib\__init.c
                   __pa_0   0x001852    program     static D:\3.43\pic18-lt\cxx-framework\src\traditional\stdclib\vfprintf.c
                   __pa_1   0x00185a    program     static D:\3.43\pic18-lt\cxx-framework\src\traditional\stdclib\vfprintf.c
                  __pa_10   0x00190e    program     static D:\3.43\pic18-lt\cxx-framework\src\traditional\stdclib\vfprintf.c
                  __pa_11   0x00191c    program     static D:\3.43\pic18-lt\cxx-framework\src\traditional\stdclib\vfprintf.c
                  __pa_12   0x001932    program     static D:\3.43\pic18-lt\cxx-framework\src\traditional\stdclib\vfprintf.c
                  __pa_13   0x00194c    program     static D:\3.43\pic18-lt\cxx-framework\src\traditional\stdclib\vfprintf.c
                  __pa_14   0x001964    program     static D:\3.43\pic18-lt\cxx-framework\src\traditional\stdclib\vfprintf.c
                  __pa_15   0x001974    program     static D:\3.43\pic18-lt\cxx-framework\src\traditional\stdclib\vfprintf.c
                  __pa_16   0x00198a    program     static D:\3.43\pic18-lt\cxx-framework\src\traditional\stdclib\vfprintf.c
                  __pa_17   0x00199c    program     static D:\3.43\pic18-lt\cxx-framework\src\traditional\stdclib\vfprintf.c
                  __pa_18   0x0019ae    program     static D:\3.43\pic18-lt\cxx-framework\src\traditional\stdclib\vfprintf.c
                  __pa_19   0x0019b8    program     static D:\3.43\pic18-lt\cxx-framework\src\traditional\stdclib\vfprintf.c
                   __pa_2   0x001864    program     static D:\3.43\pic18-lt\cxx-framework\src\traditional\stdclib\vfprintf.c
                  __pa_20   0x0019c8    program     static D:\3.43\pic18-lt\cxx-framework\src\traditional\stdclib\vfprintf.c
                  __pa_21   0x0019d8    program     static D:\3.43\pic18-lt\cxx-framework\src\traditional\stdclib\vfprintf.c
                  __pa_22   0x0019e8    program     static D:\3.43\pic18-lt\cxx-framework\src\traditional\stdclib\vfprintf.c
                  __pa_23   0x0019f4    program     static D:\3.43\pic18-lt\cxx-framework\src\traditional\stdclib\vfprintf.c
                  __pa_24   0x001a02    program     static D:\3.43\pic18-lt\cxx-framework\src\traditional\stdclib\vfprintf.c
                  __pa_25   0x001a0a    program     static D:\3.43\pic18-lt\cxx-framework\src\traditional\stdclib\vfprintf.c
                  __pa_26   0x001a14    program     static D:\3.43\pic18-lt\cxx-framework\src\traditional\stdclib\vfprintf.c
                  __pa_27   0x001a1e    program     static D:\3.43\pic18-lt\cxx-framework\src\traditional\stdclib\vfprintf.c
                  __pa_28   0x001a26    program     static D:\3.43\pic18-lt\cxx-framework\src\traditional\stdclib\vfprintf.c
                  __pa_29   0x001a34    program     static D:\3.43\pic18-lt\cxx-framework\src\traditional\stdclib\vfprintf.c
                   __pa_3   0x00186e    program     static D:\3.43\pic18-lt\cxx-framework\src\traditional\stdclib\vfprintf.c
                  __pa_30   0x001a50    program     static D:\3.43\pic18-lt\cxx-framework\src\traditional\stdclib\vfprintf.c
                  __pa_31   0x001a6a    program     static D:\3.43\pic18-lt\cxx-framework\src\traditional\stdclib\vfprintf.c
                  __pa_32   0x001a84    program     static D:\3.43\pic18-lt\cxx-framework\src\traditional\stdclib\vfprintf.c
                  __pa_33   0x001a9c    program     static D:\3.43\pic18-lt\cxx-framework\src\traditional\stdclib\vfprintf.c
                  __pa_34   0x001aa6    program     static D:\3.43\pic18-lt\cxx-framework\src\traditional\stdclib\vfprintf.c
                  __pa_35   0x001ab4    program     static D:\3.43\pic18-lt\cxx-framework\src\traditional\stdclib\vfprintf.c
                  __pa_36   0x001abc    program     static D:\3.43\pic18-lt\cxx-framework\src\traditional\stdclib\vfprintf.c
                  __pa_37   0x001ac6    program     static D:\3.43\pic18-lt\cxx-framework\src\traditional\stdclib\vfprintf.c
                  __pa_38   0x001ad6    program     static D:\3.43\pic18-lt\cxx-framework\src\traditional\stdclib\vfprintf.c
                  __pa_39   0x001ae4    program     static D:\3.43\pic18-lt\cxx-framework\src\traditional\stdclib\vfprintf.c
                   __pa_4   0x001886    program     static D:\3.43\pic18-lt\cxx-framework\src\traditional\stdclib\vfprintf.c
                  __pa_40   0x001af0    program     static D:\3.43\pic18-lt\cxx-framework\src\traditional\stdclib\vfprintf.c
                  __pa_41   0x001afc    program     static D:\3.43\pic18-lt\cxx-framework\src\traditional\stdclib\vfprintf.c
                  __pa_42   0x001b04    program     static D:\3.43\pic18-lt\cxx-framework\src\traditional\stdclib\vfprintf.c
                  __pa_43   0x001b0e    program     static D:\3.43\pic18-lt\cxx-framework\src\traditional\stdclib\vfprintf.c
                  __pa_44   0x001b14    program     static D:\3.43\pic18-lt\cxx-framework\src\traditional\stdclib\vfprintf.c
                  __pa_45   0x001b1e    program     static D:\3.43\pic18-lt\cxx-framework\src\traditional\stdclib\vfprintf.c
                  __pa_46   0x001b2a    program     static D:\3.43\pic18-lt\cxx-framework\src\traditional\stdclib\vfprintf.c
                   __pa_5   0x00189a    program     static D:\3.43\pic18-lt\cxx-framework\src\traditional\stdclib\vfprintf.c
                   __pa_6   0x0018b6    program     static D:\3.43\pic18-lt\cxx-framework\src\traditional\stdclib\vfprintf.c
                   __pa_7   0x0018c0    program     static D:\3.43\pic18-lt\cxx-framework\src\traditional\stdclib\vfprintf.c
                   __pa_8   0x0018cc    program     static D:\3.43\pic18-lt\cxx-framework\src\traditional\stdclib\vfprintf.c
                   __pa_9   0x0018ee    program     static D:\3.43\pic18-lt\cxx-framework\src\traditional\stdclib\vfprintf.c
               __string_1   0x004487    program     static C:\Users\user1\Desktop\youth_17th.X\move.c
              __tmplbl_42   0x0019e8    program     static                          
              __tmplbl_43   0x001830    program     static                          
              __tmplbl_44   0x001816    program     static                          
              __tmplbl_85   0x000f68    program     static                          
            __zero_memory   0x0043f6    program     extern D:\3.43\pic18-lt\cxx-framework\src\traditional\proc\p18f4620.asm
                _do_cinit   0x003cd0    program     extern D:\3.43\pic18-lt\cxx-framework\src\traditional\startup\c018i.c
                   _entry   0x000000    program     extern D:\3.43\pic18-lt\cxx-framework\src\traditional\startup\c018i.c
                   _false   0x004196    program     static                          
                 _startup   0x004416    program     extern D:\3.43\pic18-lt\cxx-framework\src\traditional\startup\c018i.c
              _usart_putc   0x004432    program     extern D:\3.43\pic18-lt\cxx-framework\src\pmc_common\USART\_usartpc.asm
               _user_putc   0x000006    program     extern D:\3.43\pic18-lt\cxx-framework\src\traditional\stdclib\_user_putc.c
             barled_clear   0x00365c    program     extern C:\Users\user1\Desktop\youth_17th.X\common_func.c
                compare_l   0x00440c    program     static D:\3.43\pic18-lt\cxx-framework\src\traditional\proc\p18f4620.asm
                copy_loop   0x003d42    program     static                          
            copy_one_byte   0x003d48    program     static                          
                     done   0x003d6c    program     static                          
             done_copying   0x003d56    program     static                          
                  endloop   0x0043ac    program     static                          
                font_data   0x003216    program     extern C:\Users\user1\Desktop\youth_17th.X\font.c
                 glcd_bar   0x003670    program     extern C:\Users\user1\Desktop\youth_17th.X\common_func.c
        glcd_clear_cursor   0x000334    program     extern C:\Users\user1\Desktop\youth_17th.X\move.c
              glcd_cursor   0x000216    program     extern C:\Users\user1\Desktop\youth_17th.X\move.c
             glcd_message   0x003716    program     extern C:\Users\user1\Desktop\youth_17th.X\common_func.c
           glcd_write_num   0x003896    program     extern C:\Users\user1\Desktop\youth_17th.X\common_func.c
               high_timer   0x001b34    program     extern C:\Users\user1\Desktop\youth_17th.X\main.c
                     init   0x00260e    program     extern C:\Users\user1\Desktop\youth_17th.X\main.c
     interrupt_high_timer   0x000008    program     extern C:\Users\user1\Desktop\youth_17th.X\main.c
      interrupt_low_timer   0x000018    program     extern C:\Users\user1\Desktop\youth_17th.X\main.c
                  isdigit   0x0043b2    program     extern D:\3.43\pic18-lt\cxx-framework\src\traditional\stdclib\isdigit.asm
                     jEnd   0x00400c    program     static D:\3.43\pic18-lt\cxx-framework\src\traditional\stdclib\strlen.asm
                     jEnd   0x004044    program     static D:\3.43\pic18-lt\cxx-framework\src\traditional\stdclib\slenpgm.asm
                    jLoop   0x004002    program     static D:\3.43\pic18-lt\cxx-framework\src\traditional\stdclib\strlen.asm
                    jLoop   0x00402c    program     static D:\3.43\pic18-lt\cxx-framework\src\traditional\stdclib\slenpgm.asm
                   jMatch   0x0043d2    program     static D:\3.43\pic18-lt\cxx-framework\src\traditional\stdclib\isdigit.asm
                 jNoMatch   0x0043d4    program     static D:\3.43\pic18-lt\cxx-framework\src\traditional\stdclib\isdigit.asm
                     loop   0x004162    program     static                          
                     loop   0x004426    program     static                          
                     loop   0x004442    program     static D:\3.43\pic18-lt\cxx-framework\src\pmc_common\USART\_usartpc.asm
                     loop   0x004390    program     static                          
                   loop_h   0x004404    program     static D:\3.43\pic18-lt\cxx-framework\src\traditional\proc\p18f4620.asm
                   loop_l   0x00440e    program     static D:\3.43\pic18-lt\cxx-framework\src\traditional\proc\p18f4620.asm
                low_timer   0x001c62    program     extern C:\Users\user1\Desktop\youth_17th.X\main.c
                     main   0x001eea    program     extern C:\Users\user1\Desktop\youth_17th.X\main.c
                      map   0x000044    program     extern C:\Users\user1\Desktop\youth_17th.X\move.c
                 message1   0x003a1a    program     extern C:\Users\user1\Desktop\youth_17th.X\common_func.c
                 message2   0x003a62    program     extern C:\Users\user1\Desktop\youth_17th.X\common_func.c
                 message3   0x003a99    program     extern C:\Users\user1\Desktop\youth_17th.X\common_func.c
                 message4   0x003ab9    program     extern C:\Users\user1\Desktop\youth_17th.X\common_func.c
                 message5   0x003ad9    program     extern C:\Users\user1\Desktop\youth_17th.X\common_func.c
                 message6   0x003af9    program     extern C:\Users\user1\Desktop\youth_17th.X\common_func.c
                 message7   0x003b5a    program     extern C:\Users\user1\Desktop\youth_17th.X\common_func.c
                 message8   0x003bb3    program     extern C:\Users\user1\Desktop\youth_17th.X\common_func.c
                mode_init   0x003642    program     extern C:\Users\user1\Desktop\youth_17th.X\common_func.c
                  num_dat   0x0039c2    program     extern C:\Users\user1\Desktop\youth_17th.X\common_func.c
                   printf   0x003d6e    program     extern D:\3.43\pic18-lt\cxx-framework\src\traditional\stdclib\printf.c
                     putc   0x003e90    program     extern D:\3.43\pic18-lt\cxx-framework\src\traditional\stdclib\putc.c
        read_analog_value   0x00015a    program     extern C:\Users\user1\Desktop\youth_17th.X\move.c
            read_joystick   0x000186    program     extern C:\Users\user1\Desktop\youth_17th.X\move.c
                 s_digits   0x004476    program     static D:\3.43\pic18-lt\cxx-framework\src\traditional\stdclib\vfprintf.c
            s_put_n_chars   0x000f12    program     static D:\3.43\pic18-lt\cxx-framework\src\traditional\stdclib\vfprintf.c
                   strlen   0x003ff2    program     extern D:\3.43\pic18-lt\cxx-framework\src\traditional\stdclib\strlen.asm
                strlenpgm   0x00400e    program     extern D:\3.43\pic18-lt\cxx-framework\src\traditional\stdclib\slenpgm.asm
                sw1_check   0x003616    program     extern C:\Users\user1\Desktop\youth_17th.X\common_func.c
                     test   0x003cea    program     static                          
                 vfprintf   0x000f3e    program     extern D:\3.43\pic18-lt\cxx-framework\src\traditional\stdclib\vfprintf.c
        write_barled_data   0x0000f6    program     extern C:\Users\user1\Desktop\youth_17th.X\move.c
               zero_block   0x004404    program     static D:\3.43\pic18-lt\cxx-framework\src\traditional\proc\p18f4620.asm
                   ADCON0   0x000fc2       data     extern D:\3.43\pic18-lt\cxx-framework\src\traditional\proc\p18f4620.asm
               ADCON0bits   0x000fc2       data     extern D:\3.43\pic18-lt\cxx-framework\src\traditional\proc\p18f4620.asm
                   ADCON1   0x000fc1       data     extern D:\3.43\pic18-lt\cxx-framework\src\traditional\proc\p18f4620.asm
               ADCON1bits   0x000fc1       data     extern D:\3.43\pic18-lt\cxx-framework\src\traditional\proc\p18f4620.asm
                   ADCON2   0x000fc0       data     extern D:\3.43\pic18-lt\cxx-framework\src\traditional\proc\p18f4620.asm
               ADCON2bits   0x000fc0       data     extern D:\3.43\pic18-lt\cxx-framework\src\traditional\proc\p18f4620.asm
                    ADRES   0x000fc3       data     extern D:\3.43\pic18-lt\cxx-framework\src\traditional\proc\p18f4620.asm
                   ADRESH   0x000fc4       data     extern D:\3.43\pic18-lt\cxx-framework\src\traditional\proc\p18f4620.asm
                   ADRESL   0x000fc3       data     extern D:\3.43\pic18-lt\cxx-framework\src\traditional\proc\p18f4620.asm
                  BAUDCON   0x000fb8       data     extern D:\3.43\pic18-lt\cxx-framework\src\traditional\proc\p18f4620.asm
              BAUDCONbits   0x000fb8       data     extern D:\3.43\pic18-lt\cxx-framework\src\traditional\proc\p18f4620.asm
                  BAUDCTL   0x000fb8       data     extern D:\3.43\pic18-lt\cxx-framework\src\traditional\proc\p18f4620.asm
              BAUDCTLbits   0x000fb8       data     extern D:\3.43\pic18-lt\cxx-framework\src\traditional\proc\p18f4620.asm
                      BSR   0x000fe0       data     extern D:\3.43\pic18-lt\cxx-framework\src\traditional\proc\p18f4620.asm
                  CCP1CON   0x000fbd       data     extern D:\3.43\pic18-lt\cxx-framework\src\traditional\proc\p18f4620.asm
              CCP1CONbits   0x000fbd       data     extern D:\3.43\pic18-lt\cxx-framework\src\traditional\proc\p18f4620.asm
                  CCP2CON   0x000fba       data     extern D:\3.43\pic18-lt\cxx-framework\src\traditional\proc\p18f4620.asm
              CCP2CONbits   0x000fba       data     extern D:\3.43\pic18-lt\cxx-framework\src\traditional\proc\p18f4620.asm
                    CCPR1   0x000fbe       data     extern D:\3.43\pic18-lt\cxx-framework\src\traditional\proc\p18f4620.asm
                   CCPR1H   0x000fbf       data     extern D:\3.43\pic18-lt\cxx-framework\src\traditional\proc\p18f4620.asm
                   CCPR1L   0x000fbe       data     extern D:\3.43\pic18-lt\cxx-framework\src\traditional\proc\p18f4620.asm
                    CCPR2   0x000fbb       data     extern D:\3.43\pic18-lt\cxx-framework\src\traditional\proc\p18f4620.asm
                   CCPR2H   0x000fbc       data     extern D:\3.43\pic18-lt\cxx-framework\src\traditional\proc\p18f4620.asm
                   CCPR2L   0x000fbb       data     extern D:\3.43\pic18-lt\cxx-framework\src\traditional\proc\p18f4620.asm
                    CMCON   0x000fb4       data     extern D:\3.43\pic18-lt\cxx-framework\src\traditional\proc\p18f4620.asm
                CMCONbits   0x000fb4       data     extern D:\3.43\pic18-lt\cxx-framework\src\traditional\proc\p18f4620.asm
                   CVRCON   0x000fb5       data     extern D:\3.43\pic18-lt\cxx-framework\src\traditional\proc\p18f4620.asm
               CVRCONbits   0x000fb5       data     extern D:\3.43\pic18-lt\cxx-framework\src\traditional\proc\p18f4620.asm
                     DDRA   0x000f92       data     extern D:\3.43\pic18-lt\cxx-framework\src\traditional\proc\p18f4620.asm
                 DDRAbits   0x000f92       data     extern D:\3.43\pic18-lt\cxx-framework\src\traditional\proc\p18f4620.asm
                     DDRB   0x000f93       data     extern D:\3.43\pic18-lt\cxx-framework\src\traditional\proc\p18f4620.asm
                 DDRBbits   0x000f93       data     extern D:\3.43\pic18-lt\cxx-framework\src\traditional\proc\p18f4620.asm
                     DDRC   0x000f94       data     extern D:\3.43\pic18-lt\cxx-framework\src\traditional\proc\p18f4620.asm
                 DDRCbits   0x000f94       data     extern D:\3.43\pic18-lt\cxx-framework\src\traditional\proc\p18f4620.asm
                     DDRD   0x000f95       data     extern D:\3.43\pic18-lt\cxx-framework\src\traditional\proc\p18f4620.asm
                 DDRDbits   0x000f95       data     extern D:\3.43\pic18-lt\cxx-framework\src\traditional\proc\p18f4620.asm
                     DDRE   0x000f96       data     extern D:\3.43\pic18-lt\cxx-framework\src\traditional\proc\p18f4620.asm
                 DDREbits   0x000f96       data     extern D:\3.43\pic18-lt\cxx-framework\src\traditional\proc\p18f4620.asm
            DelayCounter1   0x00002c       data     extern D:\3.43\pic18-lt\cxx-framework\src\traditional\delays\delayd1.asm
            DelayCounter2   0x00002b       data     extern D:\3.43\pic18-lt\cxx-framework\src\traditional\delays\delayd2.asm
                  ECCP1AS   0x000fb6       data     extern D:\3.43\pic18-lt\cxx-framework\src\traditional\proc\p18f4620.asm
              ECCP1ASbits   0x000fb6       data     extern D:\3.43\pic18-lt\cxx-framework\src\traditional\proc\p18f4620.asm
                    EEADR   0x000fa9       data     extern D:\3.43\pic18-lt\cxx-framework\src\traditional\proc\p18f4620.asm
                   EEADRH   0x000faa       data     extern D:\3.43\pic18-lt\cxx-framework\src\traditional\proc\p18f4620.asm
                   EECON1   0x000fa6       data     extern D:\3.43\pic18-lt\cxx-framework\src\traditional\proc\p18f4620.asm
               EECON1bits   0x000fa6       data     extern D:\3.43\pic18-lt\cxx-framework\src\traditional\proc\p18f4620.asm
                   EECON2   0x000fa7       data     extern D:\3.43\pic18-lt\cxx-framework\src\traditional\proc\p18f4620.asm
                   EEDATA   0x000fa8       data     extern D:\3.43\pic18-lt\cxx-framework\src\traditional\proc\p18f4620.asm
                     FSR0   0x000fe9       data     extern D:\3.43\pic18-lt\cxx-framework\src\traditional\proc\p18f4620.asm
                    FSR0H   0x000fea       data     extern D:\3.43\pic18-lt\cxx-framework\src\traditional\proc\p18f4620.asm
                    FSR0L   0x000fe9       data     extern D:\3.43\pic18-lt\cxx-framework\src\traditional\proc\p18f4620.asm
                     FSR1   0x000fe1       data     extern D:\3.43\pic18-lt\cxx-framework\src\traditional\proc\p18f4620.asm
                    FSR1H   0x000fe2       data     extern D:\3.43\pic18-lt\cxx-framework\src\traditional\proc\p18f4620.asm
                    FSR1L   0x000fe1       data     extern D:\3.43\pic18-lt\cxx-framework\src\traditional\proc\p18f4620.asm
                     FSR2   0x000fd9       data     extern D:\3.43\pic18-lt\cxx-framework\src\traditional\proc\p18f4620.asm
                    FSR2H   0x000fda       data     extern D:\3.43\pic18-lt\cxx-framework\src\traditional\proc\p18f4620.asm
                    FSR2L   0x000fd9       data     extern D:\3.43\pic18-lt\cxx-framework\src\traditional\proc\p18f4620.asm
                  HLVDCON   0x000fd2       data     extern D:\3.43\pic18-lt\cxx-framework\src\traditional\proc\p18f4620.asm
              HLVDCONbits   0x000fd2       data     extern D:\3.43\pic18-lt\cxx-framework\src\traditional\proc\p18f4620.asm
                    INDF0   0x000fef       data     extern D:\3.43\pic18-lt\cxx-framework\src\traditional\proc\p18f4620.asm
                    INDF1   0x000fe7       data     extern D:\3.43\pic18-lt\cxx-framework\src\traditional\proc\p18f4620.asm
                    INDF2   0x000fdf       data     extern D:\3.43\pic18-lt\cxx-framework\src\traditional\proc\p18f4620.asm
                   INTCON   0x000ff2       data     extern D:\3.43\pic18-lt\cxx-framework\src\traditional\proc\p18f4620.asm
                  INTCON2   0x000ff1       data     extern D:\3.43\pic18-lt\cxx-framework\src\traditional\proc\p18f4620.asm
              INTCON2bits   0x000ff1       data     extern D:\3.43\pic18-lt\cxx-framework\src\traditional\proc\p18f4620.asm
                  INTCON3   0x000ff0       data     extern D:\3.43\pic18-lt\cxx-framework\src\traditional\proc\p18f4620.asm
              INTCON3bits   0x000ff0       data     extern D:\3.43\pic18-lt\cxx-framework\src\traditional\proc\p18f4620.asm
               INTCONbits   0x000ff2       data     extern D:\3.43\pic18-lt\cxx-framework\src\traditional\proc\p18f4620.asm
                     IPR1   0x000f9f       data     extern D:\3.43\pic18-lt\cxx-framework\src\traditional\proc\p18f4620.asm
                 IPR1bits   0x000f9f       data     extern D:\3.43\pic18-lt\cxx-framework\src\traditional\proc\p18f4620.asm
                     IPR2   0x000fa2       data     extern D:\3.43\pic18-lt\cxx-framework\src\traditional\proc\p18f4620.asm
                 IPR2bits   0x000fa2       data     extern D:\3.43\pic18-lt\cxx-framework\src\traditional\proc\p18f4620.asm
                     LATA   0x000f89       data     extern D:\3.43\pic18-lt\cxx-framework\src\traditional\proc\p18f4620.asm
                 LATAbits   0x000f89       data     extern D:\3.43\pic18-lt\cxx-framework\src\traditional\proc\p18f4620.asm
                     LATB   0x000f8a       data     extern D:\3.43\pic18-lt\cxx-framework\src\traditional\proc\p18f4620.asm
                 LATBbits   0x000f8a       data     extern D:\3.43\pic18-lt\cxx-framework\src\traditional\proc\p18f4620.asm
                     LATC   0x000f8b       data     extern D:\3.43\pic18-lt\cxx-framework\src\traditional\proc\p18f4620.asm
                 LATCbits   0x000f8b       data     extern D:\3.43\pic18-lt\cxx-framework\src\traditional\proc\p18f4620.asm
                     LATD   0x000f8c       data     extern D:\3.43\pic18-lt\cxx-framework\src\traditional\proc\p18f4620.asm
                 LATDbits   0x000f8c       data     extern D:\3.43\pic18-lt\cxx-framework\src\traditional\proc\p18f4620.asm
                     LATE   0x000f8d       data     extern D:\3.43\pic18-lt\cxx-framework\src\traditional\proc\p18f4620.asm
                 LATEbits   0x000f8d       data     extern D:\3.43\pic18-lt\cxx-framework\src\traditional\proc\p18f4620.asm
                   LVDCON   0x000fd2       data     extern D:\3.43\pic18-lt\cxx-framework\src\traditional\proc\p18f4620.asm
               LVDCONbits   0x000fd2       data     extern D:\3.43\pic18-lt\cxx-framework\src\traditional\proc\p18f4620.asm
                   OSCCON   0x000fd3       data     extern D:\3.43\pic18-lt\cxx-framework\src\traditional\proc\p18f4620.asm
               OSCCONbits   0x000fd3       data     extern D:\3.43\pic18-lt\cxx-framework\src\traditional\proc\p18f4620.asm
                  OSCTUNE   0x000f9b       data     extern D:\3.43\pic18-lt\cxx-framework\src\traditional\proc\p18f4620.asm
              OSCTUNEbits   0x000f9b       data     extern D:\3.43\pic18-lt\cxx-framework\src\traditional\proc\p18f4620.asm
                       PC   0x000ff9       data     extern D:\3.43\pic18-lt\cxx-framework\src\traditional\proc\p18f4620.asm
                      PCL   0x000ff9       data     extern D:\3.43\pic18-lt\cxx-framework\src\traditional\proc\p18f4620.asm
                   PCLATH   0x000ffa       data     extern D:\3.43\pic18-lt\cxx-framework\src\traditional\proc\p18f4620.asm
                   PCLATU   0x000ffb       data     extern D:\3.43\pic18-lt\cxx-framework\src\traditional\proc\p18f4620.asm
                     PIE1   0x000f9d       data     extern D:\3.43\pic18-lt\cxx-framework\src\traditional\proc\p18f4620.asm
                 PIE1bits   0x000f9d       data     extern D:\3.43\pic18-lt\cxx-framework\src\traditional\proc\p18f4620.asm
                     PIE2   0x000fa0       data     extern D:\3.43\pic18-lt\cxx-framework\src\traditional\proc\p18f4620.asm
                 PIE2bits   0x000fa0       data     extern D:\3.43\pic18-lt\cxx-framework\src\traditional\proc\p18f4620.asm
                     PIR1   0x000f9e       data     extern D:\3.43\pic18-lt\cxx-framework\src\traditional\proc\p18f4620.asm
                 PIR1bits   0x000f9e       data     extern D:\3.43\pic18-lt\cxx-framework\src\traditional\proc\p18f4620.asm
                     PIR2   0x000fa1       data     extern D:\3.43\pic18-lt\cxx-framework\src\traditional\proc\p18f4620.asm
                 PIR2bits   0x000fa1       data     extern D:\3.43\pic18-lt\cxx-framework\src\traditional\proc\p18f4620.asm
                   PLUSW0   0x000feb       data     extern D:\3.43\pic18-lt\cxx-framework\src\traditional\proc\p18f4620.asm
                   PLUSW1   0x000fe3       data     extern D:\3.43\pic18-lt\cxx-framework\src\traditional\proc\p18f4620.asm
                   PLUSW2   0x000fdb       data     extern D:\3.43\pic18-lt\cxx-framework\src\traditional\proc\p18f4620.asm
                    PORTA   0x000f80       data     extern D:\3.43\pic18-lt\cxx-framework\src\traditional\proc\p18f4620.asm
                PORTAbits   0x000f80       data     extern D:\3.43\pic18-lt\cxx-framework\src\traditional\proc\p18f4620.asm
                    PORTB   0x000f81       data     extern D:\3.43\pic18-lt\cxx-framework\src\traditional\proc\p18f4620.asm
                PORTBbits   0x000f81       data     extern D:\3.43\pic18-lt\cxx-framework\src\traditional\proc\p18f4620.asm
                    PORTC   0x000f82       data     extern D:\3.43\pic18-lt\cxx-framework\src\traditional\proc\p18f4620.asm
                PORTCbits   0x000f82       data     extern D:\3.43\pic18-lt\cxx-framework\src\traditional\proc\p18f4620.asm
                    PORTD   0x000f83       data     extern D:\3.43\pic18-lt\cxx-framework\src\traditional\proc\p18f4620.asm
                PORTDbits   0x000f83       data     extern D:\3.43\pic18-lt\cxx-framework\src\traditional\proc\p18f4620.asm
                    PORTE   0x000f84       data     extern D:\3.43\pic18-lt\cxx-framework\src\traditional\proc\p18f4620.asm
                PORTEbits   0x000f84       data     extern D:\3.43\pic18-lt\cxx-framework\src\traditional\proc\p18f4620.asm
                 POSTDEC0   0x000fed       data     extern D:\3.43\pic18-lt\cxx-framework\src\traditional\proc\p18f4620.asm
                 POSTDEC1   0x000fe5       data     extern D:\3.43\pic18-lt\cxx-framework\src\traditional\proc\p18f4620.asm
                 POSTDEC2   0x000fdd       data     extern D:\3.43\pic18-lt\cxx-framework\src\traditional\proc\p18f4620.asm
                 POSTINC0   0x000fee       data     extern D:\3.43\pic18-lt\cxx-framework\src\traditional\proc\p18f4620.asm
                 POSTINC1   0x000fe6       data     extern D:\3.43\pic18-lt\cxx-framework\src\traditional\proc\p18f4620.asm
                 POSTINC2   0x000fde       data     extern D:\3.43\pic18-lt\cxx-framework\src\traditional\proc\p18f4620.asm
                      PR2   0x000fcb       data     extern D:\3.43\pic18-lt\cxx-framework\src\traditional\proc\p18f4620.asm
                  PREINC0   0x000fec       data     extern D:\3.43\pic18-lt\cxx-framework\src\traditional\proc\p18f4620.asm
                  PREINC1   0x000fe4       data     extern D:\3.43\pic18-lt\cxx-framework\src\traditional\proc\p18f4620.asm
                  PREINC2   0x000fdc       data     extern D:\3.43\pic18-lt\cxx-framework\src\traditional\proc\p18f4620.asm
                     PROD   0x000ff3       data     extern D:\3.43\pic18-lt\cxx-framework\src\traditional\proc\p18f4620.asm
                    PRODH   0x000ff4       data     extern D:\3.43\pic18-lt\cxx-framework\src\traditional\proc\p18f4620.asm
                    PRODL   0x000ff3       data     extern D:\3.43\pic18-lt\cxx-framework\src\traditional\proc\p18f4620.asm
                  PWM1CON   0x000fb7       data     extern D:\3.43\pic18-lt\cxx-framework\src\traditional\proc\p18f4620.asm
              PWM1CONbits   0x000fb7       data     extern D:\3.43\pic18-lt\cxx-framework\src\traditional\proc\p18f4620.asm
                     RCON   0x000fd0       data     extern D:\3.43\pic18-lt\cxx-framework\src\traditional\proc\p18f4620.asm
                 RCONbits   0x000fd0       data     extern D:\3.43\pic18-lt\cxx-framework\src\traditional\proc\p18f4620.asm
                    RCREG   0x000fae       data     extern D:\3.43\pic18-lt\cxx-framework\src\traditional\proc\p18f4620.asm
                    RCSTA   0x000fab       data     extern D:\3.43\pic18-lt\cxx-framework\src\traditional\proc\p18f4620.asm
                RCSTAbits   0x000fab       data     extern D:\3.43\pic18-lt\cxx-framework\src\traditional\proc\p18f4620.asm
                     SIGN   0x000000       data     extern D:\3.43\pic18-lt\cxx-framework\src\traditional\math\cmath18.asm
                    SPBRG   0x000faf       data     extern D:\3.43\pic18-lt\cxx-framework\src\traditional\proc\p18f4620.asm
                   SPBRGH   0x000fb0       data     extern D:\3.43\pic18-lt\cxx-framework\src\traditional\proc\p18f4620.asm
                   SSPADD   0x000fc8       data     extern D:\3.43\pic18-lt\cxx-framework\src\traditional\proc\p18f4620.asm
                   SSPBUF   0x000fc9       data     extern D:\3.43\pic18-lt\cxx-framework\src\traditional\proc\p18f4620.asm
                  SSPCON1   0x000fc6       data     extern D:\3.43\pic18-lt\cxx-framework\src\traditional\proc\p18f4620.asm
              SSPCON1bits   0x000fc6       data     extern D:\3.43\pic18-lt\cxx-framework\src\traditional\proc\p18f4620.asm
                  SSPCON2   0x000fc5       data     extern D:\3.43\pic18-lt\cxx-framework\src\traditional\proc\p18f4620.asm
              SSPCON2bits   0x000fc5       data     extern D:\3.43\pic18-lt\cxx-framework\src\traditional\proc\p18f4620.asm
                  SSPSTAT   0x000fc7       data     extern D:\3.43\pic18-lt\cxx-framework\src\traditional\proc\p18f4620.asm
              SSPSTATbits   0x000fc7       data     extern D:\3.43\pic18-lt\cxx-framework\src\traditional\proc\p18f4620.asm
                   STATUS   0x000fd8       data     extern D:\3.43\pic18-lt\cxx-framework\src\traditional\proc\p18f4620.asm
               STATUSbits   0x000fd8       data     extern D:\3.43\pic18-lt\cxx-framework\src\traditional\proc\p18f4620.asm
                   STKPTR   0x000ffc       data     extern D:\3.43\pic18-lt\cxx-framework\src\traditional\proc\p18f4620.asm
               STKPTRbits   0x000ffc       data     extern D:\3.43\pic18-lt\cxx-framework\src\traditional\proc\p18f4620.asm
                    T0CON   0x000fd5       data     extern D:\3.43\pic18-lt\cxx-framework\src\traditional\proc\p18f4620.asm
                T0CONbits   0x000fd5       data     extern D:\3.43\pic18-lt\cxx-framework\src\traditional\proc\p18f4620.asm
                    T1CON   0x000fcd       data     extern D:\3.43\pic18-lt\cxx-framework\src\traditional\proc\p18f4620.asm
                T1CONbits   0x000fcd       data     extern D:\3.43\pic18-lt\cxx-framework\src\traditional\proc\p18f4620.asm
                    T2CON   0x000fca       data     extern D:\3.43\pic18-lt\cxx-framework\src\traditional\proc\p18f4620.asm
                T2CONbits   0x000fca       data     extern D:\3.43\pic18-lt\cxx-framework\src\traditional\proc\p18f4620.asm
                    T3CON   0x000fb1       data     extern D:\3.43\pic18-lt\cxx-framework\src\traditional\proc\p18f4620.asm
                T3CONbits   0x000fb1       data     extern D:\3.43\pic18-lt\cxx-framework\src\traditional\proc\p18f4620.asm
                   TABLAT   0x000ff5       data     extern D:\3.43\pic18-lt\cxx-framework\src\traditional\proc\p18f4620.asm
                   TBLPTR   0x000ff6       data     extern D:\3.43\pic18-lt\cxx-framework\src\traditional\proc\p18f4620.asm
                  TBLPTRH   0x000ff7       data     extern D:\3.43\pic18-lt\cxx-framework\src\traditional\proc\p18f4620.asm
                  TBLPTRL   0x000ff6       data     extern D:\3.43\pic18-lt\cxx-framework\src\traditional\proc\p18f4620.asm
                  TBLPTRU   0x000ff8       data     extern D:\3.43\pic18-lt\cxx-framework\src\traditional\proc\p18f4620.asm
                    TMR0H   0x000fd7       data     extern D:\3.43\pic18-lt\cxx-framework\src\traditional\proc\p18f4620.asm
                    TMR0L   0x000fd6       data     extern D:\3.43\pic18-lt\cxx-framework\src\traditional\proc\p18f4620.asm
                    TMR1H   0x000fcf       data     extern D:\3.43\pic18-lt\cxx-framework\src\traditional\proc\p18f4620.asm
                    TMR1L   0x000fce       data     extern D:\3.43\pic18-lt\cxx-framework\src\traditional\proc\p18f4620.asm
                     TMR2   0x000fcc       data     extern D:\3.43\pic18-lt\cxx-framework\src\traditional\proc\p18f4620.asm
                    TMR3H   0x000fb3       data     extern D:\3.43\pic18-lt\cxx-framework\src\traditional\proc\p18f4620.asm
                    TMR3L   0x000fb2       data     extern D:\3.43\pic18-lt\cxx-framework\src\traditional\proc\p18f4620.asm
                      TOS   0x000ffd       data     extern D:\3.43\pic18-lt\cxx-framework\src\traditional\proc\p18f4620.asm
                     TOSH   0x000ffe       data     extern D:\3.43\pic18-lt\cxx-framework\src\traditional\proc\p18f4620.asm
                     TOSL   0x000ffd       data     extern D:\3.43\pic18-lt\cxx-framework\src\traditional\proc\p18f4620.asm
                     TOSU   0x000fff       data     extern D:\3.43\pic18-lt\cxx-framework\src\traditional\proc\p18f4620.asm
                    TRISA   0x000f92       data     extern D:\3.43\pic18-lt\cxx-framework\src\traditional\proc\p18f4620.asm
                TRISAbits   0x000f92       data     extern D:\3.43\pic18-lt\cxx-framework\src\traditional\proc\p18f4620.asm
                    TRISB   0x000f93       data     extern D:\3.43\pic18-lt\cxx-framework\src\traditional\proc\p18f4620.asm
                TRISBbits   0x000f93       data     extern D:\3.43\pic18-lt\cxx-framework\src\traditional\proc\p18f4620.asm
                    TRISC   0x000f94       data     extern D:\3.43\pic18-lt\cxx-framework\src\traditional\proc\p18f4620.asm
                TRISCbits   0x000f94       data     extern D:\3.43\pic18-lt\cxx-framework\src\traditional\proc\p18f4620.asm
                    TRISD   0x000f95       data     extern D:\3.43\pic18-lt\cxx-framework\src\traditional\proc\p18f4620.asm
                TRISDbits   0x000f95       data     extern D:\3.43\pic18-lt\cxx-framework\src\traditional\proc\p18f4620.asm
                    TRISE   0x000f96       data     extern D:\3.43\pic18-lt\cxx-framework\src\traditional\proc\p18f4620.asm
                TRISEbits   0x000f96       data     extern D:\3.43\pic18-lt\cxx-framework\src\traditional\proc\p18f4620.asm
                    TXREG   0x000fad       data     extern D:\3.43\pic18-lt\cxx-framework\src\traditional\proc\p18f4620.asm
                    TXSTA   0x000fac       data     extern D:\3.43\pic18-lt\cxx-framework\src\traditional\proc\p18f4620.asm
                TXSTAbits   0x000fac       data     extern D:\3.43\pic18-lt\cxx-framework\src\traditional\proc\p18f4620.asm
             USART_Status   0x00008e       data     extern D:\3.43\pic18-lt\cxx-framework\src\pmc_common\USART\udefs.c
                        W   0x000fe8       data     extern D:\3.43\pic18-lt\cxx-framework\src\traditional\proc\p18f4620.asm
                   WDTCON   0x000fd1       data     extern D:\3.43\pic18-lt\cxx-framework\src\traditional\proc\p18f4620.asm
               WDTCONbits   0x000fd1       data     extern D:\3.43\pic18-lt\cxx-framework\src\traditional\proc\p18f4620.asm
                     WREG   0x000fe8       data     extern D:\3.43\pic18-lt\cxx-framework\src\traditional\proc\p18f4620.asm
                 __AARGB0   0x000009       data     extern D:\3.43\pic18-lt\cxx-framework\src\traditional\math\aarg.asm
                 __AARGB1   0x000008       data     extern D:\3.43\pic18-lt\cxx-framework\src\traditional\math\aarg.asm
                 __AARGB2   0x000007       data     extern D:\3.43\pic18-lt\cxx-framework\src\traditional\math\aarg.asm
                 __AARGB3   0x000006       data     extern D:\3.43\pic18-lt\cxx-framework\src\traditional\math\aarg.asm
                 __AARGB4   0x000005       data     extern D:\3.43\pic18-lt\cxx-framework\src\traditional\math\aarg.asm
                 __AARGB5   0x000004       data     extern D:\3.43\pic18-lt\cxx-framework\src\traditional\math\aarg.asm
                 __AARGB6   0x000003       data     extern D:\3.43\pic18-lt\cxx-framework\src\traditional\math\aarg.asm
                 __AARGB7   0x000002       data     extern D:\3.43\pic18-lt\cxx-framework\src\traditional\math\aarg.asm
                   __AEXP   0x00000a       data     extern D:\3.43\pic18-lt\cxx-framework\src\traditional\math\aarg.asm
                 __BARGB0   0x00000e       data     extern D:\3.43\pic18-lt\cxx-framework\src\traditional\math\barg.asm
                 __BARGB1   0x00000d       data     extern D:\3.43\pic18-lt\cxx-framework\src\traditional\math\barg.asm
                 __BARGB2   0x00000c       data     extern D:\3.43\pic18-lt\cxx-framework\src\traditional\math\barg.asm
                 __BARGB3   0x00000b       data     extern D:\3.43\pic18-lt\cxx-framework\src\traditional\math\barg.asm
                   __BEXP   0x00000f       data     extern D:\3.43\pic18-lt\cxx-framework\src\traditional\math\barg.asm
                __FPFLAGS   0x000001       data     extern D:\3.43\pic18-lt\cxx-framework\src\traditional\math\cmath18.asm
            __FPFLAGSbits   0x000001       data     extern D:\3.43\pic18-lt\cxx-framework\src\traditional\math\cmath18.asm
                  __REMB0   0x000005       data     extern D:\3.43\pic18-lt\cxx-framework\src\traditional\math\aarg.asm
                  __REMB1   0x000004       data     extern D:\3.43\pic18-lt\cxx-framework\src\traditional\math\aarg.asm
                  __REMB2   0x000003       data     extern D:\3.43\pic18-lt\cxx-framework\src\traditional\math\aarg.asm
                  __REMB3   0x000002       data     extern D:\3.43\pic18-lt\cxx-framework\src\traditional\math\aarg.asm
                   __TEMP   0x000013       data     extern D:\3.43\pic18-lt\cxx-framework\src\traditional\math\temparg.asm
                 __TEMPB0   0x000013       data     extern D:\3.43\pic18-lt\cxx-framework\src\traditional\math\temparg.asm
                 __TEMPB1   0x000012       data     extern D:\3.43\pic18-lt\cxx-framework\src\traditional\math\temparg.asm
                 __TEMPB2   0x000011       data     extern D:\3.43\pic18-lt\cxx-framework\src\traditional\math\temparg.asm
                 __TEMPB3   0x000010       data     extern D:\3.43\pic18-lt\cxx-framework\src\traditional\math\temparg.asm
                  __tmp_0   0x000014       data     static D:\3.43\pic18-lt\cxx-framework\src\traditional\stdclib\putc.c
                  __tmp_0   0x000014       data     static D:\3.43\pic18-lt\cxx-framework\src\traditional\stdclib\printf.c
                  __tmp_0   0x000014       data     static D:\3.43\pic18-lt\cxx-framework\src\traditional\stdclib\vfprintf.c
                  __tmp_0   0x000014       data     static D:\3.43\pic18-lt\cxx-framework\src\pmc_common\PWM\pw1setdc.c
                  __tmp_0   0x000014       data     static D:\3.43\pic18-lt\cxx-framework\src\pmc_common\ADC\adcsetch.c
                  __tmp_0   0x000014       data     static D:\3.43\pic18-lt\cxx-framework\src\pmc_common\ADC\adcread.c
                  __tmp_0   0x000014       data     static D:\3.43\pic18-lt\cxx-framework\src\pmc_common\USART\uopen.c
                  __tmp_0   0x000014       data     static D:\3.43\pic18-lt\cxx-framework\src\pmc_common\ADC\adcopen.c
                  __tmp_0   0x000014       data     static C:\Users\user1\Desktop\youth_17th.X\move.c
                  __tmp_0   0x000014       data     static C:\Users\user1\Desktop\youth_17th.X\glcdlib_c18_v03.c
                  __tmp_0   0x000014       data     static C:\Users\user1\Desktop\youth_17th.X\common_func.c
                  __tmp_0   0x000014       data     static C:\Users\user1\Desktop\youth_17th.X\main.c
                  __tmp_1   0x00002a       data     static C:\Users\user1\Desktop\youth_17th.X\main.c
                  __tmp_2   0x000026       data     static C:\Users\user1\Desktop\youth_17th.X\main.c
                    angle   0x0001d7       data     static C:\Users\user1\Desktop\youth_17th.X\move.c
              barled_data   0x000124       data     static C:\Users\user1\Desktop\youth_17th.X\move.c
               barled_num   0x000122       data     static C:\Users\user1\Desktop\youth_17th.X\move.c
      barled_rewrite_flag   0x0001cf       data     static C:\Users\user1\Desktop\youth_17th.X\move.c
                blue_data   0x0001e3       data     extern C:\Users\user1\Desktop\youth_17th.X\main.c
                 bottom_y   0x00011e       data     static C:\Users\user1\Desktop\youth_17th.X\move.c
                   bz_frq   0x0001f0       data     extern C:\Users\user1\Desktop\youth_17th.X\main.c
             bz_ring_flag   0x0001cd       data     static C:\Users\user1\Desktop\youth_17th.X\move.c
                       ch   0x0001f5       data     static C:\Users\user1\Desktop\youth_17th.X\main.c
                cnt_100ms   0x0001ea       data     extern C:\Users\user1\Desktop\youth_17th.X\main.c
                 cnt_10ms   0x0001e8       data     extern C:\Users\user1\Desktop\youth_17th.X\main.c
                    color   0x000120       data     static C:\Users\user1\Desktop\youth_17th.X\move.c
                 colors_i   0x000126       data     static C:\Users\user1\Desktop\youth_17th.X\move.c
                curr_byte   0x0001f9       data     static D:\3.43\pic18-lt\cxx-framework\src\traditional\startup\c018i.c
               curr_entry   0x0001fb       data     static D:\3.43\pic18-lt\cxx-framework\src\traditional\startup\c018i.c
          cursor_location   0x0001d3       data     static C:\Users\user1\Desktop\youth_17th.X\move.c
      cursor_location_old   0x0001d5       data     static C:\Users\user1\Desktop\youth_17th.X\move.c
                 data_ptr   0x0001fd       data     static D:\3.43\pic18-lt\cxx-framework\src\traditional\startup\c018i.c
                      flg   0x00008f       data     extern C:\Users\user1\Desktop\youth_17th.X\main.c
               green_data   0x0001e1       data     extern C:\Users\user1\Desktop\youth_17th.X\main.c
                 joya_old   0x000114       data     static C:\Users\user1\Desktop\youth_17th.X\move.c
                 joyb_old   0x000116       data     static C:\Users\user1\Desktop\youth_17th.X\move.c
               joystick_x   0x0001d1       data     static C:\Users\user1\Desktop\youth_17th.X\move.c
             key_note_map   0x00012c       data     static C:\Users\user1\Desktop\youth_17th.X\move.c
                   left_x   0x000118       data     static C:\Users\user1\Desktop\youth_17th.X\move.c
                     mode   0x0001ec       data     extern C:\Users\user1\Desktop\youth_17th.X\main.c
            musical_scale   0x000100       data     extern C:\Users\user1\Desktop\youth_17th.X\move.c
                     note   0x0001c9       data     static C:\Users\user1\Desktop\youth_17th.X\move.c
              note_colors   0x000160       data     static C:\Users\user1\Desktop\youth_17th.X\move.c
                 note_old   0x0001cb       data     static C:\Users\user1\Desktop\youth_17th.X\move.c
            note_position   0x000194       data     static C:\Users\user1\Desktop\youth_17th.X\move.c
                 old_mode   0x0001ee       data     extern C:\Users\user1\Desktop\youth_17th.X\main.c
                     prom   0x0001f6       data     static D:\3.43\pic18-lt\cxx-framework\src\traditional\startup\c018i.c
              readed_char   0x0001c8       data     static C:\Users\user1\Desktop\youth_17th.X\move.c
                 red_data   0x0001df       data     extern C:\Users\user1\Desktop\youth_17th.X\main.c
                  right_x   0x00011a       data     static C:\Users\user1\Desktop\youth_17th.X\move.c
               rotary_cnt   0x0001e5       data     extern C:\Users\user1\Desktop\youth_17th.X\main.c
                  row_cnt   0x0001f2       data     static C:\Users\user1\Desktop\youth_17th.X\main.c
                    shift   0x0001f3       data     static C:\Users\user1\Desktop\youth_17th.X\main.c
                    state   0x000088       data     static C:\Users\user1\Desktop\youth_17th.X\move.c
                    state   0x00008a       data     static C:\Users\user1\Desktop\youth_17th.X\move.c
                   stdout   0x00008c       data     extern D:\3.43\pic18-lt\cxx-framework\src\traditional\stdclib\stdout.c
                      str   0x00010d       data     static C:\Users\user1\Desktop\youth_17th.X\move.c
                  sw2_old   0x00012a       data     static C:\Users\user1\Desktop\youth_17th.X\move.c
                  sw2_old   0x000112       data     static C:\Users\user1\Desktop\youth_17th.X\move.c
                   sw_cnt   0x0001e7       data     extern C:\Users\user1\Desktop\youth_17th.X\main.c
          timer_init_flag   0x000128       data     static C:\Users\user1\Desktop\youth_17th.X\move.c
                    top_y   0x00011c       data     static C:\Users\user1\Desktop\youth_17th.X\move.c
                        x   0x000080       data     static C:\Users\user1\Desktop\youth_17th.X\move.c
                    x_old   0x000084       data     static C:\Users\user1\Desktop\youth_17th.X\move.c
                        y   0x000082       data     static C:\Users\user1\Desktop\youth_17th.X\move.c
                    y_old   0x000086       data     static C:\Users\user1\Desktop\youth_17th.X\move.c



                              Symbols - Sorted by Address
                     Name    Address   Location    Storage File                     
                ---------  ---------  ---------  --------- ---------                
                   _entry   0x000000    program     extern D:\3.43\pic18-lt\cxx-framework\src\traditional\startup\c018i.c
       ___return_lbl00000   0x000004    program     static                          
               _user_putc   0x000006    program     extern D:\3.43\pic18-lt\cxx-framework\src\traditional\stdclib\_user_putc.c
     interrupt_high_timer   0x000008    program     extern C:\Users\user1\Desktop\youth_17th.X\main.c
       ___return_lbl00085   0x00000c    program     static                          
                  BusyADC   0x00000e    program     extern D:\3.43\pic18-lt\cxx-framework\src\pmc_common\ADC\adcbusy.c
      interrupt_low_timer   0x000018    program     extern C:\Users\user1\Desktop\youth_17th.X\main.c
       ___return_lbl00086   0x00001c    program     static                          
                      map   0x000044    program     extern C:\Users\user1\Desktop\youth_17th.X\move.c
        write_barled_data   0x0000f6    program     extern C:\Users\user1\Desktop\youth_17th.X\move.c
        read_analog_value   0x00015a    program     extern C:\Users\user1\Desktop\youth_17th.X\move.c
            read_joystick   0x000186    program     extern C:\Users\user1\Desktop\youth_17th.X\move.c
              glcd_cursor   0x000216    program     extern C:\Users\user1\Desktop\youth_17th.X\move.c
        glcd_clear_cursor   0x000334    program     extern C:\Users\user1\Desktop\youth_17th.X\move.c
               Move_Mode1   0x00036e    program     extern C:\Users\user1\Desktop\youth_17th.X\move.c
               Move_Mode2   0x00051e    program     extern C:\Users\user1\Desktop\youth_17th.X\move.c
               Move_Mode3   0x00068c    program     extern C:\Users\user1\Desktop\youth_17th.X\move.c
               Move_Mode4   0x00093a    program     extern C:\Users\user1\Desktop\youth_17th.X\move.c
               Move_Mode5   0x000c32    program     extern C:\Users\user1\Desktop\youth_17th.X\move.c
            s_put_n_chars   0x000f12    program     static D:\3.43\pic18-lt\cxx-framework\src\traditional\stdclib\vfprintf.c
                 vfprintf   0x000f3e    program     extern D:\3.43\pic18-lt\cxx-framework\src\traditional\stdclib\vfprintf.c
              __tmplbl_85   0x000f68    program     static                          
              __tmplbl_44   0x001816    program     static                          
              __tmplbl_43   0x001830    program     static                          
                   __pa_0   0x001852    program     static D:\3.43\pic18-lt\cxx-framework\src\traditional\stdclib\vfprintf.c
                   __pa_1   0x00185a    program     static D:\3.43\pic18-lt\cxx-framework\src\traditional\stdclib\vfprintf.c
                   __pa_2   0x001864    program     static D:\3.43\pic18-lt\cxx-framework\src\traditional\stdclib\vfprintf.c
                   __pa_3   0x00186e    program     static D:\3.43\pic18-lt\cxx-framework\src\traditional\stdclib\vfprintf.c
                   __pa_4   0x001886    program     static D:\3.43\pic18-lt\cxx-framework\src\traditional\stdclib\vfprintf.c
                   __pa_5   0x00189a    program     static D:\3.43\pic18-lt\cxx-framework\src\traditional\stdclib\vfprintf.c
                   __pa_6   0x0018b6    program     static D:\3.43\pic18-lt\cxx-framework\src\traditional\stdclib\vfprintf.c
                   __pa_7   0x0018c0    program     static D:\3.43\pic18-lt\cxx-framework\src\traditional\stdclib\vfprintf.c
                   __pa_8   0x0018cc    program     static D:\3.43\pic18-lt\cxx-framework\src\traditional\stdclib\vfprintf.c
                   __pa_9   0x0018ee    program     static D:\3.43\pic18-lt\cxx-framework\src\traditional\stdclib\vfprintf.c
                  __pa_10   0x00190e    program     static D:\3.43\pic18-lt\cxx-framework\src\traditional\stdclib\vfprintf.c
                  __pa_11   0x00191c    program     static D:\3.43\pic18-lt\cxx-framework\src\traditional\stdclib\vfprintf.c
                  __pa_12   0x001932    program     static D:\3.43\pic18-lt\cxx-framework\src\traditional\stdclib\vfprintf.c
                  __pa_13   0x00194c    program     static D:\3.43\pic18-lt\cxx-framework\src\traditional\stdclib\vfprintf.c
                  __pa_14   0x001964    program     static D:\3.43\pic18-lt\cxx-framework\src\traditional\stdclib\vfprintf.c
                  __pa_15   0x001974    program     static D:\3.43\pic18-lt\cxx-framework\src\traditional\stdclib\vfprintf.c
                  __pa_16   0x00198a    program     static D:\3.43\pic18-lt\cxx-framework\src\traditional\stdclib\vfprintf.c
                  __pa_17   0x00199c    program     static D:\3.43\pic18-lt\cxx-framework\src\traditional\stdclib\vfprintf.c
                  __pa_18   0x0019ae    program     static D:\3.43\pic18-lt\cxx-framework\src\traditional\stdclib\vfprintf.c
                  __pa_19   0x0019b8    program     static D:\3.43\pic18-lt\cxx-framework\src\traditional\stdclib\vfprintf.c
                  __pa_20   0x0019c8    program     static D:\3.43\pic18-lt\cxx-framework\src\traditional\stdclib\vfprintf.c
                  __pa_21   0x0019d8    program     static D:\3.43\pic18-lt\cxx-framework\src\traditional\stdclib\vfprintf.c
                  __pa_22   0x0019e8    program     static D:\3.43\pic18-lt\cxx-framework\src\traditional\stdclib\vfprintf.c
              __tmplbl_42   0x0019e8    program     static                          
                  __pa_23   0x0019f4    program     static D:\3.43\pic18-lt\cxx-framework\src\traditional\stdclib\vfprintf.c
                  __pa_24   0x001a02    program     static D:\3.43\pic18-lt\cxx-framework\src\traditional\stdclib\vfprintf.c
                  __pa_25   0x001a0a    program     static D:\3.43\pic18-lt\cxx-framework\src\traditional\stdclib\vfprintf.c
                  __pa_26   0x001a14    program     static D:\3.43\pic18-lt\cxx-framework\src\traditional\stdclib\vfprintf.c
                  __pa_27   0x001a1e    program     static D:\3.43\pic18-lt\cxx-framework\src\traditional\stdclib\vfprintf.c
                  __pa_28   0x001a26    program     static D:\3.43\pic18-lt\cxx-framework\src\traditional\stdclib\vfprintf.c
                  __pa_29   0x001a34    program     static D:\3.43\pic18-lt\cxx-framework\src\traditional\stdclib\vfprintf.c
                  __pa_30   0x001a50    program     static D:\3.43\pic18-lt\cxx-framework\src\traditional\stdclib\vfprintf.c
                  __pa_31   0x001a6a    program     static D:\3.43\pic18-lt\cxx-framework\src\traditional\stdclib\vfprintf.c
                  __pa_32   0x001a84    program     static D:\3.43\pic18-lt\cxx-framework\src\traditional\stdclib\vfprintf.c
                  __pa_33   0x001a9c    program     static D:\3.43\pic18-lt\cxx-framework\src\traditional\stdclib\vfprintf.c
                  __pa_34   0x001aa6    program     static D:\3.43\pic18-lt\cxx-framework\src\traditional\stdclib\vfprintf.c
                  __pa_35   0x001ab4    program     static D:\3.43\pic18-lt\cxx-framework\src\traditional\stdclib\vfprintf.c
                  __pa_36   0x001abc    program     static D:\3.43\pic18-lt\cxx-framework\src\traditional\stdclib\vfprintf.c
[...]
                TRISBbits   0x000f93       data     extern D:\3.43\pic18-lt\cxx-framework\src\traditional\proc\p18f4620.asm
                    TRISC   0x000f94       data     extern D:\3.43\pic18-lt\cxx-framework\src\traditional\proc\p18f4620.asm
                TRISCbits   0x000f94       data     extern D:\3.43\pic18-lt\cxx-framework\src\traditional\proc\p18f4620.asm
                     DDRC   0x000f94       data     extern D:\3.43\pic18-lt\cxx-framework\src\traditional\proc\p18f4620.asm
                 DDRCbits   0x000f94       data     extern D:\3.43\pic18-lt\cxx-framework\src\traditional\proc\p18f4620.asm
                     DDRD   0x000f95       data     extern D:\3.43\pic18-lt\cxx-framework\src\traditional\proc\p18f4620.asm
                 DDRDbits   0x000f95       data     extern D:\3.43\pic18-lt\cxx-framework\src\traditional\proc\p18f4620.asm
                    TRISD   0x000f95       data     extern D:\3.43\pic18-lt\cxx-framework\src\traditional\proc\p18f4620.asm
                TRISDbits   0x000f95       data     extern D:\3.43\pic18-lt\cxx-framework\src\traditional\proc\p18f4620.asm
                     DDRE   0x000f96       data     extern D:\3.43\pic18-lt\cxx-framework\src\traditional\proc\p18f4620.asm
                 DDREbits   0x000f96       data     extern D:\3.43\pic18-lt\cxx-framework\src\traditional\proc\p18f4620.asm
                    TRISE   0x000f96       data     extern D:\3.43\pic18-lt\cxx-framework\src\traditional\proc\p18f4620.asm
                TRISEbits   0x000f96       data     extern D:\3.43\pic18-lt\cxx-framework\src\traditional\proc\p18f4620.asm
                  OSCTUNE   0x000f9b       data     extern D:\3.43\pic18-lt\cxx-framework\src\traditional\proc\p18f4620.asm
              OSCTUNEbits   0x000f9b       data     extern D:\3.43\pic18-lt\cxx-framework\src\traditional\proc\p18f4620.asm
                 PIE1bits   0x000f9d       data     extern D:\3.43\pic18-lt\cxx-framework\src\traditional\proc\p18f4620.asm
                     PIE1   0x000f9d       data     extern D:\3.43\pic18-lt\cxx-framework\src\traditional\proc\p18f4620.asm
                 PIR1bits   0x000f9e       data     extern D:\3.43\pic18-lt\cxx-framework\src\traditional\proc\p18f4620.asm
                     PIR1   0x000f9e       data     extern D:\3.43\pic18-lt\cxx-framework\src\traditional\proc\p18f4620.asm
                     IPR1   0x000f9f       data     extern D:\3.43\pic18-lt\cxx-framework\src\traditional\proc\p18f4620.asm
                 IPR1bits   0x000f9f       data     extern D:\3.43\pic18-lt\cxx-framework\src\traditional\proc\p18f4620.asm
                 PIE2bits   0x000fa0       data     extern D:\3.43\pic18-lt\cxx-framework\src\traditional\proc\p18f4620.asm
                     PIE2   0x000fa0       data     extern D:\3.43\pic18-lt\cxx-framework\src\traditional\proc\p18f4620.asm
                 PIR2bits   0x000fa1       data     extern D:\3.43\pic18-lt\cxx-framework\src\traditional\proc\p18f4620.asm
                     PIR2   0x000fa1       data     extern D:\3.43\pic18-lt\cxx-framework\src\traditional\proc\p18f4620.asm
                 IPR2bits   0x000fa2       data     extern D:\3.43\pic18-lt\cxx-framework\src\traditional\proc\p18f4620.asm
                     IPR2   0x000fa2       data     extern D:\3.43\pic18-lt\cxx-framework\src\traditional\proc\p18f4620.asm
                   EECON1   0x000fa6       data     extern D:\3.43\pic18-lt\cxx-framework\src\traditional\proc\p18f4620.asm
               EECON1bits   0x000fa6       data     extern D:\3.43\pic18-lt\cxx-framework\src\traditional\proc\p18f4620.asm
                   EECON2   0x000fa7       data     extern D:\3.43\pic18-lt\cxx-framework\src\traditional\proc\p18f4620.asm
                   EEDATA   0x000fa8       data     extern D:\3.43\pic18-lt\cxx-framework\src\traditional\proc\p18f4620.asm
                    EEADR   0x000fa9       data     extern D:\3.43\pic18-lt\cxx-framework\src\traditional\proc\p18f4620.asm
                   EEADRH   0x000faa       data     extern D:\3.43\pic18-lt\cxx-framework\src\traditional\proc\p18f4620.asm
                    RCSTA   0x000fab       data     extern D:\3.43\pic18-lt\cxx-framework\src\traditional\proc\p18f4620.asm
                RCSTAbits   0x000fab       data     extern D:\3.43\pic18-lt\cxx-framework\src\traditional\proc\p18f4620.asm
                    TXSTA   0x000fac       data     extern D:\3.43\pic18-lt\cxx-framework\src\traditional\proc\p18f4620.asm
                TXSTAbits   0x000fac       data     extern D:\3.43\pic18-lt\cxx-framework\src\traditional\proc\p18f4620.asm
                    TXREG   0x000fad       data     extern D:\3.43\pic18-lt\cxx-framework\src\traditional\proc\p18f4620.asm
                    RCREG   0x000fae       data     extern D:\3.43\pic18-lt\cxx-framework\src\traditional\proc\p18f4620.asm
                    SPBRG   0x000faf       data     extern D:\3.43\pic18-lt\cxx-framework\src\traditional\proc\p18f4620.asm
                   SPBRGH   0x000fb0       data     extern D:\3.43\pic18-lt\cxx-framework\src\traditional\proc\p18f4620.asm
                    T3CON   0x000fb1       data     extern D:\3.43\pic18-lt\cxx-framework\src\traditional\proc\p18f4620.asm
                T3CONbits   0x000fb1       data     extern D:\3.43\pic18-lt\cxx-framework\src\traditional\proc\p18f4620.asm
                    TMR3L   0x000fb2       data     extern D:\3.43\pic18-lt\cxx-framework\src\traditional\proc\p18f4620.asm
                    TMR3H   0x000fb3       data     extern D:\3.43\pic18-lt\cxx-framework\src\traditional\proc\p18f4620.asm
                CMCONbits   0x000fb4       data     extern D:\3.43\pic18-lt\cxx-framework\src\traditional\proc\p18f4620.asm
                    CMCON   0x000fb4       data     extern D:\3.43\pic18-lt\cxx-framework\src\traditional\proc\p18f4620.asm
               CVRCONbits   0x000fb5       data     extern D:\3.43\pic18-lt\cxx-framework\src\traditional\proc\p18f4620.asm
                   CVRCON   0x000fb5       data     extern D:\3.43\pic18-lt\cxx-framework\src\traditional\proc\p18f4620.asm
              ECCP1ASbits   0x000fb6       data     extern D:\3.43\pic18-lt\cxx-framework\src\traditional\proc\p18f4620.asm
                  ECCP1AS   0x000fb6       data     extern D:\3.43\pic18-lt\cxx-framework\src\traditional\proc\p18f4620.asm
              PWM1CONbits   0x000fb7       data     extern D:\3.43\pic18-lt\cxx-framework\src\traditional\proc\p18f4620.asm
                  PWM1CON   0x000fb7       data     extern D:\3.43\pic18-lt\cxx-framework\src\traditional\proc\p18f4620.asm
              BAUDCTLbits   0x000fb8       data     extern D:\3.43\pic18-lt\cxx-framework\src\traditional\proc\p18f4620.asm
                  BAUDCTL   0x000fb8       data     extern D:\3.43\pic18-lt\cxx-framework\src\traditional\proc\p18f4620.asm
              BAUDCONbits   0x000fb8       data     extern D:\3.43\pic18-lt\cxx-framework\src\traditional\proc\p18f4620.asm
                  BAUDCON   0x000fb8       data     extern D:\3.43\pic18-lt\cxx-framework\src\traditional\proc\p18f4620.asm
              CCP2CONbits   0x000fba       data     extern D:\3.43\pic18-lt\cxx-framework\src\traditional\proc\p18f4620.asm
                  CCP2CON   0x000fba       data     extern D:\3.43\pic18-lt\cxx-framework\src\traditional\proc\p18f4620.asm
                   CCPR2L   0x000fbb       data     extern D:\3.43\pic18-lt\cxx-framework\src\traditional\proc\p18f4620.asm
                    CCPR2   0x000fbb       data     extern D:\3.43\pic18-lt\cxx-framework\src\traditional\proc\p18f4620.asm
                   CCPR2H   0x000fbc       data     extern D:\3.43\pic18-lt\cxx-framework\src\traditional\proc\p18f4620.asm
              CCP1CONbits   0x000fbd       data     extern D:\3.43\pic18-lt\cxx-framework\src\traditional\proc\p18f4620.asm
                  CCP1CON   0x000fbd       data     extern D:\3.43\pic18-lt\cxx-framework\src\traditional\proc\p18f4620.asm
                   CCPR1L   0x000fbe       data     extern D:\3.43\pic18-lt\cxx-framework\src\traditional\proc\p18f4620.asm
                    CCPR1   0x000fbe       data     extern D:\3.43\pic18-lt\cxx-framework\src\traditional\proc\p18f4620.asm
                   CCPR1H   0x000fbf       data     extern D:\3.43\pic18-lt\cxx-framework\src\traditional\proc\p18f4620.asm
               ADCON2bits   0x000fc0       data     extern D:\3.43\pic18-lt\cxx-framework\src\traditional\proc\p18f4620.asm
                   ADCON2   0x000fc0       data     extern D:\3.43\pic18-lt\cxx-framework\src\traditional\proc\p18f4620.asm
               ADCON1bits   0x000fc1       data     extern D:\3.43\pic18-lt\cxx-framework\src\traditional\proc\p18f4620.asm
                   ADCON1   0x000fc1       data     extern D:\3.43\pic18-lt\cxx-framework\src\traditional\proc\p18f4620.asm
                   ADCON0   0x000fc2       data     extern D:\3.43\pic18-lt\cxx-framework\src\traditional\proc\p18f4620.asm
               ADCON0bits   0x000fc2       data     extern D:\3.43\pic18-lt\cxx-framework\src\traditional\proc\p18f4620.asm
                    ADRES   0x000fc3       data     extern D:\3.43\pic18-lt\cxx-framework\src\traditional\proc\p18f4620.asm
                   ADRESL   0x000fc3       data     extern D:\3.43\pic18-lt\cxx-framework\src\traditional\proc\p18f4620.asm
                   ADRESH   0x000fc4       data     extern D:\3.43\pic18-lt\cxx-framework\src\traditional\proc\p18f4620.asm
                  SSPCON2   0x000fc5       data     extern D:\3.43\pic18-lt\cxx-framework\src\traditional\proc\p18f4620.asm
              SSPCON2bits   0x000fc5       data     extern D:\3.43\pic18-lt\cxx-framework\src\traditional\proc\p18f4620.asm
                  SSPCON1   0x000fc6       data     extern D:\3.43\pic18-lt\cxx-framework\src\traditional\proc\p18f4620.asm
              SSPCON1bits   0x000fc6       data     extern D:\3.43\pic18-lt\cxx-framework\src\traditional\proc\p18f4620.asm
                  SSPSTAT   0x000fc7       data     extern D:\3.43\pic18-lt\cxx-framework\src\traditional\proc\p18f4620.asm
              SSPSTATbits   0x000fc7       data     extern D:\3.43\pic18-lt\cxx-framework\src\traditional\proc\p18f4620.asm
                   SSPADD   0x000fc8       data     extern D:\3.43\pic18-lt\cxx-framework\src\traditional\proc\p18f4620.asm
                   SSPBUF   0x000fc9       data     extern D:\3.43\pic18-lt\cxx-framework\src\traditional\proc\p18f4620.asm
                    T2CON   0x000fca       data     extern D:\3.43\pic18-lt\cxx-framework\src\traditional\proc\p18f4620.asm
                T2CONbits   0x000fca       data     extern D:\3.43\pic18-lt\cxx-framework\src\traditional\proc\p18f4620.asm
                      PR2   0x000fcb       data     extern D:\3.43\pic18-lt\cxx-framework\src\traditional\proc\p18f4620.asm
                     TMR2   0x000fcc       data     extern D:\3.43\pic18-lt\cxx-framework\src\traditional\proc\p18f4620.asm
                T1CONbits   0x000fcd       data     extern D:\3.43\pic18-lt\cxx-framework\src\traditional\proc\p18f4620.asm
                    T1CON   0x000fcd       data     extern D:\3.43\pic18-lt\cxx-framework\src\traditional\proc\p18f4620.asm
                    TMR1L   0x000fce       data     extern D:\3.43\pic18-lt\cxx-framework\src\traditional\proc\p18f4620.asm
                    TMR1H   0x000fcf       data     extern D:\3.43\pic18-lt\cxx-framework\src\traditional\proc\p18f4620.asm
                     RCON   0x000fd0       data     extern D:\3.43\pic18-lt\cxx-framework\src\traditional\proc\p18f4620.asm
                 RCONbits   0x000fd0       data     extern D:\3.43\pic18-lt\cxx-framework\src\traditional\proc\p18f4620.asm
               WDTCONbits   0x000fd1       data     extern D:\3.43\pic18-lt\cxx-framework\src\traditional\proc\p18f4620.asm
                   WDTCON   0x000fd1       data     extern D:\3.43\pic18-lt\cxx-framework\src\traditional\proc\p18f4620.asm
               LVDCONbits   0x000fd2       data     extern D:\3.43\pic18-lt\cxx-framework\src\traditional\proc\p18f4620.asm
                   LVDCON   0x000fd2       data     extern D:\3.43\pic18-lt\cxx-framework\src\traditional\proc\p18f4620.asm
              HLVDCONbits   0x000fd2       data     extern D:\3.43\pic18-lt\cxx-framework\src\traditional\proc\p18f4620.asm
                  HLVDCON   0x000fd2       data     extern D:\3.43\pic18-lt\cxx-framework\src\traditional\proc\p18f4620.asm
               OSCCONbits   0x000fd3       data     extern D:\3.43\pic18-lt\cxx-framework\src\traditional\proc\p18f4620.asm
                   OSCCON   0x000fd3       data     extern D:\3.43\pic18-lt\cxx-framework\src\traditional\proc\p18f4620.asm
                T0CONbits   0x000fd5       data     extern D:\3.43\pic18-lt\cxx-framework\src\traditional\proc\p18f4620.asm
                    T0CON   0x000fd5       data     extern D:\3.43\pic18-lt\cxx-framework\src\traditional\proc\p18f4620.asm
                    TMR0L   0x000fd6       data     extern D:\3.43\pic18-lt\cxx-framework\src\traditional\proc\p18f4620.asm
                    TMR0H   0x000fd7       data     extern D:\3.43\pic18-lt\cxx-framework\src\traditional\proc\p18f4620.asm
                   STATUS   0x000fd8       data     extern D:\3.43\pic18-lt\cxx-framework\src\traditional\proc\p18f4620.asm
               STATUSbits   0x000fd8       data     extern D:\3.43\pic18-lt\cxx-framework\src\traditional\proc\p18f4620.asm
                     FSR2   0x000fd9       data     extern D:\3.43\pic18-lt\cxx-framework\src\traditional\proc\p18f4620.asm
                    FSR2L   0x000fd9       data     extern D:\3.43\pic18-lt\cxx-framework\src\traditional\proc\p18f4620.asm
                    FSR2H   0x000fda       data     extern D:\3.43\pic18-lt\cxx-framework\src\traditional\proc\p18f4620.asm
                   PLUSW2   0x000fdb       data     extern D:\3.43\pic18-lt\cxx-framework\src\traditional\proc\p18f4620.asm
                  PREINC2   0x000fdc       data     extern D:\3.43\pic18-lt\cxx-framework\src\traditional\proc\p18f4620.asm
                 POSTDEC2   0x000fdd       data     extern D:\3.43\pic18-lt\cxx-framework\src\traditional\proc\p18f4620.asm
                 POSTINC2   0x000fde       data     extern D:\3.43\pic18-lt\cxx-framework\src\traditional\proc\p18f4620.asm
                    INDF2   0x000fdf       data     extern D:\3.43\pic18-lt\cxx-framework\src\traditional\proc\p18f4620.asm
                      BSR   0x000fe0       data     extern D:\3.43\pic18-lt\cxx-framework\src\traditional\proc\p18f4620.asm
                     FSR1   0x000fe1       data     extern D:\3.43\pic18-lt\cxx-framework\src\traditional\proc\p18f4620.asm
                    FSR1L   0x000fe1       data     extern D:\3.43\pic18-lt\cxx-framework\src\traditional\proc\p18f4620.asm
                    FSR1H   0x000fe2       data     extern D:\3.43\pic18-lt\cxx-framework\src\traditional\proc\p18f4620.asm
                   PLUSW1   0x000fe3       data     extern D:\3.43\pic18-lt\cxx-framework\src\traditional\proc\p18f4620.asm
                  PREINC1   0x000fe4       data     extern D:\3.43\pic18-lt\cxx-framework\src\traditional\proc\p18f4620.asm
                 POSTDEC1   0x000fe5       data     extern D:\3.43\pic18-lt\cxx-framework\src\traditional\proc\p18f4620.asm
                 POSTINC1   0x000fe6       data     extern D:\3.43\pic18-lt\cxx-framework\src\traditional\proc\p18f4620.asm
                    INDF1   0x000fe7       data     extern D:\3.43\pic18-lt\cxx-framework\src\traditional\proc\p18f4620.asm
                        W   0x000fe8       data     extern D:\3.43\pic18-lt\cxx-framework\src\traditional\proc\p18f4620.asm
                     WREG   0x000fe8       data     extern D:\3.43\pic18-lt\cxx-framework\src\traditional\proc\p18f4620.asm
                    FSR0L   0x000fe9       data     extern D:\3.43\pic18-lt\cxx-framework\src\traditional\proc\p18f4620.asm
                     FSR0   0x000fe9       data     extern D:\3.43\pic18-lt\cxx-framework\src\traditional\proc\p18f4620.asm
                    FSR0H   0x000fea       data     extern D:\3.43\pic18-lt\cxx-framework\src\traditional\proc\p18f4620.asm
                   PLUSW0   0x000feb       data     extern D:\3.43\pic18-lt\cxx-framework\src\traditional\proc\p18f4620.asm
                  PREINC0   0x000fec       data     extern D:\3.43\pic18-lt\cxx-framework\src\traditional\proc\p18f4620.asm
                 POSTDEC0   0x000fed       data     extern D:\3.43\pic18-lt\cxx-framework\src\traditional\proc\p18f4620.asm
                 POSTINC0   0x000fee       data     extern D:\3.43\pic18-lt\cxx-framework\src\traditional\proc\p18f4620.asm
                    INDF0   0x000fef       data     extern D:\3.43\pic18-lt\cxx-framework\src\traditional\proc\p18f4620.asm
              INTCON3bits   0x000ff0       data     extern D:\3.43\pic18-lt\cxx-framework\src\traditional\proc\p18f4620.asm
                  INTCON3   0x000ff0       data     extern D:\3.43\pic18-lt\cxx-framework\src\traditional\proc\p18f4620.asm
                  INTCON2   0x000ff1       data     extern D:\3.43\pic18-lt\cxx-framework\src\traditional\proc\p18f4620.asm
              INTCON2bits   0x000ff1       data     extern D:\3.43\pic18-lt\cxx-framework\src\traditional\proc\p18f4620.asm
                   INTCON   0x000ff2       data     extern D:\3.43\pic18-lt\cxx-framework\src\traditional\proc\p18f4620.asm
               INTCONbits   0x000ff2       data     extern D:\3.43\pic18-lt\cxx-framework\src\traditional\proc\p18f4620.asm
                     PROD   0x000ff3       data     extern D:\3.43\pic18-lt\cxx-framework\src\traditional\proc\p18f4620.asm
                    PRODL   0x000ff3       data     extern D:\3.43\pic18-lt\cxx-framework\src\traditional\proc\p18f4620.asm
                    PRODH   0x000ff4       data     extern D:\3.43\pic18-lt\cxx-framework\src\traditional\proc\p18f4620.asm
                   TABLAT   0x000ff5       data     extern D:\3.43\pic18-lt\cxx-framework\src\traditional\proc\p18f4620.asm
                  TBLPTRL   0x000ff6       data     extern D:\3.43\pic18-lt\cxx-framework\src\traditional\proc\p18f4620.asm
                   TBLPTR   0x000ff6       data     extern D:\3.43\pic18-lt\cxx-framework\src\traditional\proc\p18f4620.asm
                  TBLPTRH   0x000ff7       data     extern D:\3.43\pic18-lt\cxx-framework\src\traditional\proc\p18f4620.asm
                  TBLPTRU   0x000ff8       data     extern D:\3.43\pic18-lt\cxx-framework\src\traditional\proc\p18f4620.asm
                       PC   0x000ff9       data     extern D:\3.43\pic18-lt\cxx-framework\src\traditional\proc\p18f4620.asm
                      PCL   0x000ff9       data     extern D:\3.43\pic18-lt\cxx-framework\src\traditional\proc\p18f4620.asm
                   PCLATH   0x000ffa       data     extern D:\3.43\pic18-lt\cxx-framework\src\traditional\proc\p18f4620.asm
                   PCLATU   0x000ffb       data     extern D:\3.43\pic18-lt\cxx-framework\src\traditional\proc\p18f4620.asm
                   STKPTR   0x000ffc       data     extern D:\3.43\pic18-lt\cxx-framework\src\traditional\proc\p18f4620.asm
               STKPTRbits   0x000ffc       data     extern D:\3.43\pic18-lt\cxx-framework\src\traditional\proc\p18f4620.asm
                      TOS   0x000ffd       data     extern D:\3.43\pic18-lt\cxx-framework\src\traditional\proc\p18f4620.asm
                     TOSL   0x000ffd       data     extern D:\3.43\pic18-lt\cxx-framework\src\traditional\proc\p18f4620.asm
                     TOSH   0x000ffe       data     extern D:\3.43\pic18-lt\cxx-framework\src\traditional\proc\p18f4620.asm
                     TOSU   0x000fff       data     extern D:\3.43\pic18-lt\cxx-framework\src\traditional\proc\p18f4620.asm


